  401838      840 Code                ABBROWSE_TEXT
  402078    223FA Code                ABCVIEW001_TEXT
  424474     850E Code                ABCVIEW002_TEXT
  42C984     133F Code                ABCVIEW003_TEXT
  42DCC4     1752 Code                ABCVIEW004_TEXT
  42F418     1E01 Code                ABCVIEW005_TEXT
  43121C     15E4 Code                ABCVIEW006_TEXT
  432800     9D50 Code                ABCVIEW007_TEXT
  43C550      62D Code                ABCVIEW008_TEXT
  43CB80     3278 Code                ABCVIEW009_TEXT
  43FDF8      B9D Code                ABCVIEW010_TEXT
  440998     22BD Code                ABCVIEW011_TEXT
  442C58      539 Code                ABCVIEW013_TEXT
  443194      4E1 Code                ABCVIEW014_TEXT
  443678      104 Code                ABCVIEW015_TEXT
  44377C      148 Code                ABCVIEW016_TEXT
  4438C4     191F Code                ABCVIEW017_TEXT
  4451E4     1833 Code                ABCVIEW018_TEXT
  446A18      8D5 Code                ABCVIEW019_TEXT
  4472F0     555A Code                ABCVIEW020_TEXT
  44C84C      54C Code                ABCVIEW021_TEXT
  44CD98      145 Code                ABCVIEW022_TEXT
  44CEE0     342E Code                ABCVIEW023_TEXT
  450310      246 Code                ABCVIEW024_TEXT
  450558     1912 Code                ABCVIEW025_TEXT
  451E6C      B28 Code                ABCVIEW026_TEXT
  452994      18F Code                ABCVIEW027_TEXT
  452B24     2217 Code                ABCVIEW030_TEXT
  454D3C      692 Code                ABCVIEW031_TEXT
  4553D0      A1F Code                ABCVIEW032_TEXT
  455DF0      8DF Code                ABCVIEW033_TEXT
  4566D0      58B Code                ABCVIEW034_TEXT
  456C5C      131 Code                ABCVIEW035_TEXT
  456D90     1A32 Code                ABCVIEW036_TEXT
  4587C4      195 Code                ABCVIEW037_TEXT
  45895C     2CFB Code                ABCVIEW038_TEXT
  45B658      1C2 Code                ABCVIEW039_TEXT
  45B81C      1E9 Code                ABCVIEW040_TEXT
  45BA08       E2 Code                ABCVIEW041_TEXT
  45BAEC      32F Code                ABCVIEW042_TEXT
  45BE1C     2DB8 Code                ABCVIEW043_TEXT
  45EBD4      344 Code                ABCVIEW044_TEXT
  45EF18     2AEA Code                ABCVIEW045_TEXT
  461A04      D97 Code                ABCVIEW046_TEXT
  46279C       CA Code                ABCVIEW047_TEXT
  462868     7F79 Code                ABCVIEW048_TEXT
  46A7E4     2427 Code                ABCVIEW049_TEXT
  46CC0C      71A Code                ABCVIEW050_TEXT
  46D328      52E Code                ABCVIEW051_TEXT
  46D858     11BD Code                ABCVIEW052_TEXT
  46EA18     277B Code                ABCVIEW053_TEXT
  471194      521 Code                ABCVIEW054_TEXT
  4716B8       31 Code                ABCVIEW056_TEXT
  4716EC     3055 Code                ABCVIEW057_TEXT
  474744     2FBC Code                ABCVIEW058_TEXT
  477700      5A4 Code                ABCVIEW059_TEXT
  477CA4      E55 Code                ABCVIEW060_TEXT
  478AFC      15A Code                ABCVIEW061_TEXT
  478C58      8F2 Code                ABCVIEW062_TEXT
  47954C     293A Code                ABCVIEW063_TEXT
  47BE88      3C9 Code                ABCVIEW064_TEXT
  47C254      36C Code                ABCVIEW065_TEXT
  47C5C0      343 Code                ABCVIEW066_TEXT
  47C904      1BA Code                ABCVIEW067_TEXT
  47CAC0      A1E Code                ABCVIEW068_TEXT
  47D4E0     26B1 Code                ABCVIEW069_TEXT
  47FB94      988 Code                ABCVIEW070_TEXT
  48051C       46 Code                ABCVIEW_BC0_TEXT
  480564       3C Code                ABCVIEW_BC_TEXT
  4805A0      289 Code                ABCVIEW_TEXT
  48082C     2113 Code                ABEIP_TEXT
  482940     3943 Code                ABERROR_TEXT
  486284      5CA Code                ABFILE_TEXT
  486850      28E Code                ABFUZZY_TEXT
  486AE0     2068 Code                ABPOPUP_TEXT
  488B48     4342 Code                ABREPORT_TEXT
  48CE8C     27BA Code                ABRESIZE_TEXT
  48F648      1CC Code                ABRPPSEL_TEXT
  48F814      263 Code                ABTOOLBA_TEXT
  48FA78     2D42 Code                ABUTIL_TEXT
  4927BC     2649 Code                ABWINDOW_TEXT
  494E08     5E40 Code                ABWMFPAR_TEXT
  49AC48     1BC9 Code                COOLTIPS_TEXT
  49C814      ECC Code                CPXML_TEXT
  49D6E0     CE7B Code                CSCICONTROL_TEXT
  4AA55C     58E3 Code                CSCIVIEWER_TEXT
  4AFE40      299 Code                CSIDLFOLDER_TEXT
  4B00DC      147 Code                CWSYNCHC_TEXT
  4B0224       BF Code                CWUTIL_TEXT
  4B02E4       23 Code                IEXE32_TEXT
  4B0308     12A3 Code                INIT_TEXT
  4B15AC       E3 Code                INST00_TEXT
  4B1690      4C2 Code                KCRASCIIFILECLASS_TEXT
  4B1B54      3AD Code                KCRASCIIVIEWERCLASS_TEXT
  4B1F04      3AA Code                QUEUEWRAP_TEXT
  4B22B0       A5 Code                SCIUTIL_TEXT
  4B2358      1EC Code                SPECIALFOLDER_TEXT
  4B2544       1E Code                TTUTILLIB_TEXT
  4B2564     1161 Code                WRAPPER_TEXT
  4B36C8     15A1 Code                XMLEXCHANGE_TEXT
  4B4C6C      3D8 Code                XMLNAMEMAP_TEXT
  4B5044      161 Code                XMLNAVIGATOR_TEXT
  4B51A8     224B Code                XMLSCHEMA_TEXT
  4B73F4      415 Code                XMLTREEJOIN_TEXT
  4B8000     1290 Initialized Data    $DEFAULTERRORS_DATA
  4B9290      403 Initialized Data    $RGATTRIBUTES_DATA
  4B9694      6DE Initialized Data    $RGBUILTINPROCSFUNCS_DATA
  4B9D74        1 Initialized Data    ABBROWSE_CONST
  4B9D78       9C Initialized Data    ABBROWSE_DATA
  4B9E14     1550 Initialized Data    ABCVIEW001_CONST
  4BB364     14B8 Initialized Data    ABCVIEW001_DATA
  4BC81C      2E7 Initialized Data    ABCVIEW002_CONST
  4BCB04      1E6 Initialized Data    ABCVIEW002_DATA
  4BCCEC       19 Initialized Data    ABCVIEW003_CONST
  4BCD08       3A Initialized Data    ABCVIEW004_CONST
  4BCD44        1 Initialized Data    ABCVIEW004_DATA
  4BCD48        7 Initialized Data    ABCVIEW006_CONST
  4BCD50      79A Initialized Data    ABCVIEW007_CONST
  4BD4EC      4B0 Initialized Data    ABCVIEW007_DATA
  4BD99C      24D Initialized Data    ABCVIEW008_CONST
  4BDBEC      17C Initialized Data    ABCVIEW009_CONST
  4BDD68     1194 Initialized Data    ABCVIEW009_DATA
  4BEEFC        1 Initialized Data    ABCVIEW010_CONST
  4BEF00       1E Initialized Data    ABCVIEW010_DATA
  4BEF20       57 Initialized Data    ABCVIEW011_CONST
  4BEF78       36 Initialized Data    ABCVIEW011_DATA
  4BEFB0       1C Initialized Data    ABCVIEW013_CONST
  4BEFCC        A Initialized Data    ABCVIEW014_CONST
  4BEFD8       1B Initialized Data    ABCVIEW014_DATA
  4BEFF4        7 Initialized Data    ABCVIEW018_CONST
  4BEFFC      129 Initialized Data    ABCVIEW018_DATA
  4BF128       30 Initialized Data    ABCVIEW019_CONST
  4BF158       29 Initialized Data    ABCVIEW020_CONST
  4BF184      125 Initialized Data    ABCVIEW020_DATA
  4BF2AC       33 Initialized Data    ABCVIEW021_CONST
  4BF2E0       44 Initialized Data    ABCVIEW021_DATA
  4BF324       56 Initialized Data    ABCVIEW023_CONST
  4BF37C      83C Initialized Data    ABCVIEW023_DATA
  4BFBB8       3D Initialized Data    ABCVIEW025_CONST
  4BFBF8       4B Initialized Data    ABCVIEW026_CONST
  4BFC44       19 Initialized Data    ABCVIEW026_DATA
  4BFC60       D9 Initialized Data    ABCVIEW030_CONST
  4BFD3C      83C Initialized Data    ABCVIEW030_DATA
  4C0578       3A Initialized Data    ABCVIEW031_CONST
  4C05B4      290 Initialized Data    ABCVIEW031_DATA
  4C0844       70 Initialized Data    ABCVIEW032_CONST
  4C08B4      290 Initialized Data    ABCVIEW032_DATA
  4C0B44       58 Initialized Data    ABCVIEW033_CONST
  4C0B9C      2CC Initialized Data    ABCVIEW033_DATA
  4C0E68       6F Initialized Data    ABCVIEW034_CONST
  4C0ED8      290 Initialized Data    ABCVIEW034_DATA
  4C1168       10 Initialized Data    ABCVIEW037_CONST
  4C1178       E8 Initialized Data    ABCVIEW038_CONST
  4C1260      3FC Initialized Data    ABCVIEW038_DATA
  4C165C       1A Initialized Data    ABCVIEW039_CONST
  4C1678       63 Initialized Data    ABCVIEW040_CONST
  4C16DC        9 Initialized Data    ABCVIEW042_CONST
  4C16E8      1B3 Initialized Data    ABCVIEW043_CONST
  4C189C      2F4 Initialized Data    ABCVIEW043_DATA
  4C1B90       14 Initialized Data    ABCVIEW044_CONST
  4C1BA4      2C6 Initialized Data    ABCVIEW045_CONST
  4C1E6C       62 Initialized Data    ABCVIEW045_DATA
  4C1ED0       3E Initialized Data    ABCVIEW046_CONST
  4C1F10      3B4 Initialized Data    ABCVIEW046_DATA
  4C22C4      4D7 Initialized Data    ABCVIEW048_CONST
  4C279C      6F0 Initialized Data    ABCVIEW048_DATA
  4C2E8C       AD Initialized Data    ABCVIEW049_CONST
  4C2F3C      7D0 Initialized Data    ABCVIEW049_DATA
  4C370C       14 Initialized Data    ABCVIEW050_CONST
  4C3720        2 Initialized Data    ABCVIEW051_CONST
  4C3724       1F Initialized Data    ABCVIEW051_DATA
  4C3744       42 Initialized Data    ABCVIEW052_CONST
  4C3788       65 Initialized Data    ABCVIEW053_CONST
  4C37F0      98C Initialized Data    ABCVIEW053_DATA
  4C417C        E Initialized Data    ABCVIEW054_CONST
  4C418C       11 Initialized Data    ABCVIEW056_CONST
  4C41A0       1E Initialized Data    ABCVIEW056_DATA
  4C41C0      5B8 Initialized Data    ABCVIEW057_CONST
  4C4778       B6 Initialized Data    ABCVIEW057_DATA
  4C4830       60 Initialized Data    ABCVIEW058_CONST
  4C4890      23D Initialized Data    ABCVIEW058_DATA
  4C4AD0       3A Initialized Data    ABCVIEW059_CONST
  4C4B0C      290 Initialized Data    ABCVIEW059_DATA
  4C4D9C      21A Initialized Data    ABCVIEW060_CONST
  4C4FB8      118 Initialized Data    ABCVIEW060_DATA
  4C50D0       6E Initialized Data    ABCVIEW062_CONST
  4C5140      5B5 Initialized Data    ABCVIEW063_CONST
  4C56F8      2A8 Initialized Data    ABCVIEW063_DATA
  4C59A0       1F Initialized Data    ABCVIEW064_CONST
  4C59C0       1E Initialized Data    ABCVIEW065_DATA
  4C59E0       1E Initialized Data    ABCVIEW066_DATA
  4C5A00       6C Initialized Data    ABCVIEW067_DATA
  4C5A6C      2A5 Initialized Data    ABCVIEW068_CONST
  4C5D14       22 Initialized Data    ABCVIEW068_DATA
  4C5D38      A1F Initialized Data    ABCVIEW069_CONST
  4C6758       30 Initialized Data    ABCVIEW069_DATA
  4C6788       19 Initialized Data    ABCVIEW070_CONST
  4C67A4       3F Initialized Data    ABCVIEW_CONST
  4C67E4     12DA Initialized Data    ABCVIEW_DATA
  4C7AC0       4A Initialized Data    ABEIP_CONST
  4C7B0C       B4 Initialized Data    ABEIP_DATA
  4C7BC0      2A2 Initialized Data    ABERROR_CONST
  4C7E64      AD0 Initialized Data    ABERROR_DATA
  4C8934       56 Initialized Data    ABFILE_CONST
  4C898C      147 Initialized Data    ABFILE_DATA
  4C8AD4       B4 Initialized Data    ABFUZZY_DATA
  4C8B88      125 Initialized Data    ABPOPUP_CONST
  4C8CB0      128 Initialized Data    ABPOPUP_DATA
  4C8DD8       F1 Initialized Data    ABREPORT_CONST
  4C8ECC      934 Initialized Data    ABREPORT_DATA
  4C9800      1BF Initialized Data    ABRESIZE_CONST
  4C99C0      23F Initialized Data    ABRESIZE_DATA
  4C9C00       AB Initialized Data    ABRPPSEL_CONST
  4C9CAC        D Initialized Data    ABTOOLBA_CONST
  4C9CBC       4C Initialized Data    ABTOOLBA_DATA
  4C9D08       C9 Initialized Data    ABUTIL_CONST
  4C9DD4      29D Initialized Data    ABUTIL_DATA
  4CA074        D Initialized Data    ABWINDOW_CONST
  4CA084       3F Initialized Data    ABWINDOW_DATA
  4CA0C4      101 Initialized Data    ABWMFPAR_CONST
  4CA1C8      DF1 Initialized Data    ABWMFPAR_DATA
  4CAFBC      140 Initialized Data    COOLTIPS_CONST
  4CB0FC      310 Initialized Data    COOLTIPS_DATA
  4CB40C       58 Initialized Data    CPXML_CONST
  4CB464       91 Initialized Data    CPXML_DATA
  4CB4F8       19 Initialized Data    CSCICONTROL_CONST
  4CB514       BE Initialized Data    CSCICONTROL_DATA
  4CB5D4      253 Initialized Data    CSCIVIEWER_CONST
  4CB828     1001 Initialized Data    CSCIVIEWER_DATA
  4CC82C       48 Initialized Data    CSIDLFOLDER_DATA
  4CC874       48 Initialized Data    CWSYNCHC_DATA
  4CC8BC       17 Initialized Data    CWUTIL_CONST
  4CC8D4       36 Initialized Data    CWUTIL_DATA
  4CC90C       44 Initialized Data    IEXE32_DATA
  4CC950       4A Initialized Data    KCRASCIIFILECLASS_CONST
  4CC99C       18 Initialized Data    KCRASCIIVIEWERCLASS_CONST
  4CC9B4      184 Initialized Data    KCRASCIIVIEWERCLASS_DATA
  4CCB38      10C Initialized Data    QUEUEWRAP_DATA
  4CCC44      921 Initialized Data    SCIUTIL_CONST
  4CD568      30C Initialized Data    SCIUTIL_DATA
  4CD874       48 Initialized Data    SPECIALFOLDER_DATA
  4CD8BC       B8 Initialized Data    WRAPPER_DATA
  4CD974       10 Initialized Data    XMLEXCHANGE_CONST
  4CD984      19C Initialized Data    XMLEXCHANGE_DATA
  4CDB20       93 Initialized Data    XMLNAMEMAP_DATA
  4CDBB4       34 Initialized Data    XMLNAVIGATOR_DATA
  4CDBE8      240 Initialized Data    XMLSCHEMA_CONST
  4CDE28      1A3 Initialized Data    XMLSCHEMA_DATA
  4CDFCC       80 Initialized Data    XMLTREEJOIN_DATA
  4CE04C        0 Initialized Data    __CPPINI_CONS
  4CE04C      C94 Initialized Data    __CPPINI_CONST
  4CECE0        4 Initialized Data    __CPPINI_END
  4CECE4        0 Initialized Data    __INIVMT_CONS
  4CECE4      208 Initialized Data    __INIVMT_CONST
  4CEEEC        0 Initialized Data    __INIVMT_CONST_END
  4CEEF0     1623 Un-initialized Data $FUZZYMATCHER_BSS
  4D0514      73D Un-initialized Data $GLO:VIEWERSTYLES_BSS
  4D0C54      108 Un-initialized Data ABCVIEW001_BSS
  4D0D5C        0 Un-initialized Data ABCVIEW009_BSS
  4D0D5C        0 Un-initialized Data ABCVIEW010_BSS
  4D0D5C        0 Un-initialized Data ABCVIEW011_BSS
  4D0D5C      100 Un-initialized Data ABCVIEW023_BSS
  4D0E5C      100 Un-initialized Data ABCVIEW043_BSS
  4D0F5C      100 Un-initialized Data ABCVIEW045_BSS
  4D105C        0 Un-initialized Data ABCVIEW056_BSS
  4D105C      100 Un-initialized Data ABCVIEW057_BSS
  4D115C      100 Un-initialized Data ABCVIEW058_BSS
  4D125C      100 Un-initialized Data ABCVIEW060_BSS
  4D135C        4 Un-initialized Data ABCVIEW061_BSS
  4D1360      200 Un-initialized Data ABCVIEW063_BSS
  4D1560        0 Un-initialized Data ABCVIEW065_BSS
  4D1560        0 Un-initialized Data ABCVIEW066_BSS
  4D1560       28 Un-initialized Data ABCVIEW069_BSS
  4D1588     3C70 Un-initialized Data ABCVIEW_BSS
  4D51F8       40 Un-initialized Data ABEIP_BSS
  4D5238      404 Un-initialized Data ABERROR_BSS
  4D563C       10 Un-initialized Data ABFILE_BSS
  4D564C        4 Un-initialized Data ABFUZZY_BSS
  4D5650      104 Un-initialized Data ABUTIL_BSS
  4D5754        0 Un-initialized Data ABWMFPAR_BSS
  4D5754      20D Un-initialized Data CPXML_BSS
  4D5964      128 Un-initialized Data CSCIVIEWER_BSS
  4D5A8C        0 Un-initialized Data CWUTIL_BSS
  4D5A8C      20C Un-initialized Data FILEWRAP_BSS
  4D5C98      20C Un-initialized Data GROUPWRAP_BSS
  4D5EA4      20C Un-initialized Data QUEUEWRAP_BSS
  4D60B0      20C Un-initialized Data TREEVIEWWRAP_BSS
  4D62BC      20C Un-initialized Data VIEWWRAP_BSS
  4D64C8      20C Un-initialized Data WRAPPER_BSS
  4D66D4      20C Un-initialized Data XMLEXCHANGE_BSS
  4D68E0      20C Un-initialized Data XMLNAMEMAP_BSS
  4D6AEC      20C Un-initialized Data XMLNAVIGATOR_BSS
  4D6CF8      20C Un-initialized Data XMLSCHEMA_BSS
  4D6F04      20C Un-initialized Data XMLTREEJOIN_BSS
  4D8000        8 __T_L_S__DAT
  4D8008      744 __T_L_S__DATA
  4D874C        0 __T_L_S__DATA_END
  4D8750        0 __T_L_S__BS
  4D8750    30348 __T_L_S__BSS
  508A98        0 __T_L_S__BSS_END

  401838 TAKEKEY@F23INCREMENTALLOCATORCLASS
  401998 SETALERTS@F23INCREMENTALLOCATORCLASSl
  401A14 UPDATEWINDOW@F17ENTRYLOCATORCLASS
  401A44 UPDATE@F17ENTRYLOCATORCLASS
  401B78 TAKEACCEPTED@F17ENTRYLOCATORCLASS
  401C68 SETSHADOW@F17ENTRYLOCATORCLASSsb
  401CB4 SET@F17ENTRYLOCATORCLASS
  401D44 GETSHADOW@F17ENTRYLOCATORCLASS
  401D74 INIT@F17ENTRYLOCATORCLASSlRuUc
  401E2C SETENABLED@F12LOCATORCLASSUc
  401E98 SETLOCATORFIELD@F12LOCATORCLASSRu
  401F14 SET@F12LOCATORCLASS
  401F60 RESET@F12LOCATORCLASS
  401F80 INIT@F12LOCATORCLASSlRuUc11BROWSECLASS
  401FF0 INIT@F12LOCATORCLASSlRuUc
  402048 DESTRUCT@F12LOCATORCLASS
  4235E4 MAIN@F
  42C304 SRCREFRESHQUEUES@Flllll
  42DB14 SRCADDDERIVEDCLASS@Fsbl
  42E988 SRCREFRESHTREE@F
  430654 SRCADDPROPERTIES@Fl
  432594 SRCADDMETHODS@Fl
  43BA4C ABCVIEW007$TREELIST::WNDPROC
  43BBC0 ABCVIEW007$LOC:SZEDITORCOMMAND::WNDPROC
  43BC00 WINOPTIONS@F
  43C550 SRCGETCOLORSTRING@Fl
  43F560 WINSCIVIEWASCIIFILE@Fsbl
  43F8C4 SRCVIEWASCIIFILE@FlRu11THREADQTYPE
  4404B4 SRCGETSOURCELINE@FlsbsbPsc
  442ADC ACCESS:MEMORY@FRscUc
  442C58 SRCGETPROTOTYPE@Fsb
  443194 SRCREMOVELABELS@Fsb
  443678 SRCGETLABEL@Fsb
  44377C SRCGETSTATEMENT@Fsb
  444AE0 SRCADDSTRUCTURES@F
  446260 SRCADDEQUATES@F
  446A18 SRCGETEQUATEVALUE@FsbRUc
  44AAC4 SRCBUILDCALLQUEUE@Flll
  44C84C SRCGETCALLEDMETHODS@Fsbsbsb
  44CD98 SRCISCLASSREFERENCE@FsbRscRl
  45009C WINBROWSECALLQ@F
  450310 SRCREPLACESTRING@FsbsbRu
  45124C SRCADDCALLS@Fsbsbl
  4521C4 SRCRESOLVENAME@Fsbsbsb
  452994 SRCISCLASSMETHOD@Fsb
  454908 ABCVIEW030$LIST::WNDPROC
  454A7C WINADDITIONALFILES@F11MODULEQTYPEUc
  4552D8 WINVIEWNOTE@FUcsb
  455CC0 WINCLASSPROPERTIES@F17CATEGORYQUEUETYPE
  456440 ABCVIEW033$LIST::WNDPROC
  4565B4 WINVIEWCALLERS@Fsb
  456B80 ABOUTDEVUNA@F
  456C5C SRCISSTRUCTUREREFERENCE@FsbRsc
  458584 SRCADDINTERFACES@Fl
  4587C4 SRCISBASECLASSABC@FRsc
  45B3BC WINGETSCANOPTIONS@FUc
  45B658 WINLOADING@F
  45B81C _MAIN@F
  45BA08 PROGRAMISRUNNING@Fsbsb
  45BAEC SRCWORDWRAP@FRscl
  45E648 WINEXPORTDATABASETOXML@F
  45EBD4 SRCNORMALIZESTRING@Fsb
  4618AC SRCEXPORTTREETOXML@F
  4624E8 ABCVIEW046$LIST::WNDPROC
  46265C WINFINDNOTES@F
  46279C SRCFINDCOMMENT@Fsb
  46A028 WINADDCLASS@F
  46C82C ABCVIEW049$LIST::WNDPROC
  46C9A0 WINTEMPLATEFILES@F13TEMPLATEQTYPEsb
  46CE48 SRCGETRETURNTYPE@FRsc
  46D328 SRCGETPARAMETERS@FRsc
  46E32C SRCPARSEPROMPT@FRsc14TOKENQUEUETYPE
  470D78 ABCVIEW053$LIST::WNDPROC
  470EEC WINFAVORITESMENU@F14FAVORITESQTYPE
  471194 SRCREMOVEWHITESPACE@FRsb
  47357C SRCGETWORDLIST@FRscRscRscRscRscRsc
  4758B8 SRCGETCEDTCOLORS@F14COLORGROUPTYPEl
  477BAC WINSHOWSTATISTICS@F
  477F8C SRCADDTOUSERMENU@FUc
  478AFC ABCVIEW061$ENUMWINDOWPROC
  478BC0 SRCFINDWINDOW@Fsb
  478C58 CALCULATOR@F
  47BCF0 WINGENERATETEMPLATE@FRsc
  47BE88 SRCGETPROTOTYPEATTR@Fsbsb
  47C388 SRCGETIMPLEMENTS@FlRsc
  47C768 SRCGETLINECOMMENTS@Fsbl
  47C904 SRCFINDMODULE@FRscRsc
  47CAC0 SRCREADCLARIONPROPS@FRsc
  47FAC0 SRCCOLORFROMNAME@Fsb
  480204 SRCGETSEARCHFOLDERSFROMREDFILE@F11SEARCHQTYPERsc
  48051C ABCVIEW_BC0$ABCVIEW_BC0:FILESINIT@F
  480534 ABCVIEW_BC0$ABCVIEW_BC0:DCTKILL@F
  48054C ABCVIEW_BC0$ABCVIEW_BC0:DCTINIT@F
  480564 DCTKILL@F
  480580 DCTINIT@F
  4805A0 _main
  4807A8 DESTRUCT@F10DICTIONARY
  4807CC CONSTRUCT@F10DICTIONARY
  4807F8 SOURCEFILE$$$PatchFCB
  48082C TAKENEWSELECTION@F10EIPMANAGER
  4808C0 TAKEFOCUSLOSS@F10EIPMANAGER
  480948 TAKEFIELDEVENT@F10EIPMANAGER
  480ADC TAKEEVENT@F10EIPMANAGER
  480B88 TAKECOMPLETED@F10EIPMANAGERUc
  480BF4 TAKEACTION@F10EIPMANAGERl
  480F80 TAKEACCEPTALL@F10EIPMANAGER
  481118 RUN@F10EIPMANAGERUc
  4811E8 RESETCOLUMN@F10EIPMANAGER
  4812F0 GETEDIT@F10EIPMANAGER
  48136C NEXT@F10EIPMANAGER
  4814D0 KILL@F10EIPMANAGER
  4816A8 INITCONTROLS@F10EIPMANAGER
  481920 INIT@F10EIPMANAGER
  4819D8 CLEARCOLUMN@F10EIPMANAGER
  481A44 ADDCONTROL@F10EIPMANAGER9EDITCLASSlUc
  481AF8 TAKENEWSELECTION@F18EDITDROPCOMBOCLASS
  481EE8 GETQUEUEMATCH@F18EDITDROPCOMBOCLASSsbUc
  4820F8 TAKEEVENT@F18EDITDROPCOMBOCLASSl
  482248 CREATECONTROL@F18EDITDROPCOMBOCLASS
  4822C0 TAKEEVENT@F17EDITDROPLISTCLASSl
  4823F8 SETREADONLY@F17EDITDROPLISTCLASSUc
  482460 SETALERTS@F17EDITDROPLISTCLASS
  482534 CREATECONTROL@F14EDITENTRYCLASS
  482578 RESETCONTROL@F9EDITCLASS
  482598 GETFEQ@F9EDITCLASS
  4825BC TAKEEVENT@F9EDITCLASSl
  482628 TAKEACCEPTED@F9EDITCLASSUc
  482660 SETREADONLY@F9EDITCLASSUc
  4826D4 SETALERTS@F9EDITCLASS
  482800 KILL@F9EDITCLASS
  482854 INIT@F9EDITCLASSllRu
  482A78 KILL_@_WINDOWCOMPONENT_@_HISTHANDLERCLASS@F15WINDOWCOMPONENT
  482A98 RESET_@_WINDOWCOMPONENT_@_HISTHANDLERCLASS@F15WINDOWCOMPONENTUc
  482AC0 RESETREQUIRED_@_WINDOWCOMPONENT_@_HISTHANDLERCLASS@F15WINDOWCOMPONENT
  482AE0 SETALERTS_@_WINDOWCOMPONENT_@_HISTHANDLERCLASS@F15WINDOWCOMPONENT
  482B00 TAKEEVENT_@_WINDOWCOMPONENT_@_HISTHANDLERCLASS@F15WINDOWCOMPONENT
  482B2C UPDATE_@_WINDOWCOMPONENT_@_HISTHANDLERCLASS@F15WINDOWCOMPONENT
  482B4C UPDATEWINDOW_@_WINDOWCOMPONENT_@_HISTHANDLERCLASS@F15WINDOWCOMPONENT
  482B7C VLBPROC@F16HISTHANDLERCLASSls
  482C88 TAKEEVENT@F16HISTHANDLERCLASS
  482D78 INIT@F16HISTHANDLERCLASSBw10ERRORCLASS16ERRORHISTORYLIST
  482DC0 _VLBPROC@F16HISTHANDLERCLASSls
  482E0C TAKEACCEPTED@F11MSGBOXCLASS
  482E6C SETUPADDITIONALFEQS@F11MSGBOXCLASS
  482F14 KILL@F11MSGBOXCLASS
  482F7C INIT@F11MSGBOXCLASS
  48328C INIT@F11MSGBOXCLASSBw10ERRORCLASSOsbllll
  48335C FETCHSTDBUTTON@F11MSGBOXCLASSs
  4833D4 GETALLSTATUSVARIABLES@F10ERRORCLASS16ERRORSTATUSGROUP
  48345C GETERRORBUFFERFATALITY@F10ERRORCLASS
  4834D8 GETERRORBUFFERTITLE@F10ERRORCLASS
  48355C GETERRORBUFFERID@F10ERRORCLASS
  4835CC SETFIELDNAME@F10ERRORCLASSsb
  483660 SETFILENAME@F10ERRORCLASSsb
  4836F4 STOREERRORENTRY@F10ERRORCLASSUs
  483894 GETHISTORYRESETONVIEW@F10ERRORCLASS
  4838F8 SETHISTORYRESETONVIEW@F10ERRORCLASSUc
  483964 GETHISTORYVIEWLEVEL@F10ERRORCLASS
  4839C8 SETHISTORYVIEWLEVEL@F10ERRORCLASSl
  483A34 GETHISTORYTHRESHOLD@F10ERRORCLASS
  483A98 SETHISTORYTHRESHOLD@F10ERRORCLASSl
  483B04 GETLOGERRORS@F10ERRORCLASS
  483B68 GETSILENT@F10ERRORCLASS
  483BCC SETDEFAULTCATEGORY@F10ERRORCLASSsa
  483C38 GETDEFAULTCATEGORY@F10ERRORCLASS
  483C9C VIEWHISTORY@F10ERRORCLASS
  483D10 THROW@F10ERRORCLASSs
  483D4C TAKEUSER@F10ERRORCLASS
  483DD0 TAKEPROGRAM@F10ERRORCLASS
  483DFC TAKEOTHER@F10ERRORCLASS
  483E28 TAKENOTIFY@F10ERRORCLASS
  483E98 TAKEFATAL@F10ERRORCLASS
  483F3C TAKEERROR@F10ERRORCLASSs
  484144 TAKEBENIGN@F10ERRORCLASS
  484164 SUBSSTRING@F10ERRORCLASS
  4845C4 SETPROCEDURENAME@F10ERRORCLASSOsb
  4846BC GETERRORENTRY@F10ERRORCLASSUs15ERRORENTRYGROUPl
  48477C GETERRORENTRY@F10ERRORCLASSUs15ERRORENTRYGROUP
  4847F4 SETID@F10ERRORCLASSUsl
  484888 SETID@F10ERRORCLASSUs
  4848FC SETFILE@F10ERRORCLASSsb
  484948 SETFIELD@F10ERRORCLASSsb
  484994 SETERRORS@F10ERRORCLASS
  484A88 SETERRORLOG@F10ERRORCLASS17ERRORLOGINTERFACE
  484B80 SETCATEGORY@F10ERRORCLASSssa
  484C2C RESETHISTORY@F10ERRORCLASS
  484CA8 REMOVEERROR@F10ERRORCLASSUs
  484D60 MESSAGEBOX@F10ERRORCLASSUcsbOsbOsblll
  484E04 MSG@F10ERRORCLASSsbOsbOsblll
  4851F0 MESSAGE@F10ERRORCLASSsll
  485298 KILL@F10ERRORCLASS
  485378 INIT@F10ERRORCLASS16ERRORSTATUSCLASS
  4853F4 INIT@F10ERRORCLASS
  485524 HISTORYMSG@F10ERRORCLASSsblll
  4856F8 GETPROCEDURENAME@F10ERRORCLASS
  48584C GETCATEGORY@F10ERRORCLASSs
  485918 ADDHISTORY@F10ERRORCLASS
  4859C4 ADDERRORS@F10ERRORCLASS10ERRORBLOCK
  485C2C ADDERROR@F10ERRORCLASSUsRsbRsbUcsa
  485D64 DESTRUCT@F10ERRORCLASS
  485DA0 CONSTRUCT@F10ERRORCLASS
  485DD8 DESTRUCT@F16ERRORSTATUSCLASS
  485E30 CONSTRUCT@F16ERRORSTATUSCLASS
  485FB8 CLOSE_@_ERRORLOGINTERFACE_@_STANDARDERRORLOGCLASS@F17ERRORLOGINTERFACEUc
  485FE8 OPEN_@_ERRORLOGINTERFACE_@_STANDARDERRORLOGCLASS@F17ERRORLOGINTERFACEUc
  486018 TAKE_@_ERRORLOGINTERFACE_@_STANDARDERRORLOGCLASS@F17ERRORLOGINTERFACEsb
  4860D0 CLOSE@F21STANDARDERRORLOGCLASSUc
  48616C OPEN@F21STANDARDERRORLOGCLASSUc
  486230 DESTRUCT@F21STANDARDERRORLOGCLASS
  48625C CONSTRUCT@F21STANDARDERRORLOGCLASS
  4862B8 DESTRUCT@F12FILESMANAGER
  486324 CONSTRUCT@F12FILESMANAGER
  486378 GETFIELDASCENDING@F11VIEWMANAGERRu
  4866F4 TRYREGET@F11FILEMANAGERsb
  4867B4 POSITION@F11FILEMANAGER
  486850 SETOPTION@F10FUZZYCLASSUcUc
  4868E8 KILL@F10FUZZYCLASS
  486908 INIT@F10FUZZYCLASS
  486940 CONSTRUCT@F10FUZZYCLASS
  486D94 SETTRANSLATOR@F10POPUPCLASS15TRANSLATORCLASS
  486DF4 SETITEMENABLE@F10POPUPCLASSsbUc
  486EC8 SETITEMCHECK@F10POPUPCLASSsbUc
  486F9C SETITEM@F10POPUPCLASSllsbsb
  487298 RESETTOOLBOX@F10POPUPCLASS
  4876BC LOCATENAME@F10POPUPCLASSsb
  48775C KILL@F10POPUPCLASS
  487798 INIT@F10POPUPCLASS
  4877F4 GETNAME@F10POPUPCLASSl
  487960 GETMENUTEXT@F10POPUPCLASS
  487C74 EXECUTEPOPUP@F10POPUPCLASSsbllUc
  487D80 EMPTYITEMS@F10POPUPCLASS
  487DAC DELETEITEM@F10POPUPCLASSsb
  487E04 CHECKMIMICS@F10POPUPCLASS
  488020 ASK@F10POPUPCLASSllUc
  4881D0 ASK@F10POPUPCLASSll
  488218 ADDMENU@F10POPUPCLASSsbUc
  4883F4 ADDITEMMIMIC@F10POPUPCLASSsblOsb
  488570 ADDITEMEVENT@F10POPUPCLASSsbll
  488690 ADDITEM@F10POPUPCLASSsbsbsbUc
  488730 ADDITEM@F10POPUPCLASSsbsb
  4887AC ADDITEM@F10POPUPCLASSsb
  489390 SETPOSITION@F16PAGEMANAGERCLASSlllll
  4894A4 SETCENTRE@F16PAGEMANAGERCLASSlUcUc
  489540 KILL@F16PAGEMANAGERCLASS
  4895D0 INIT@F16PAGEMANAGERCLASS17PRINTPREVIEWCLASSllRsb
  489748 HIGHLIGHT@F16PAGEMANAGERCLASSl
  4897F8 GETPROP@F16PAGEMANAGERCLASSll
  489890 EXISTS@F16PAGEMANAGERCLASSl
  4898E0 DRAW@F16PAGEMANAGERCLASSll
  48A048 DELETE@F16PAGEMANAGERCLASSl
  48A0CC DELETE@F16PAGEMANAGERCLASS
  48A110 COORDCONTAINED@F16PAGEMANAGERCLASSll
  48A23C TAKECURRENTPAGE@F17PRINTPREVIEWCLASS
  48A434 TAKEFIELDEVENT@F17PRINTPREVIEWCLASS
  48A4B4 TAKEWINDOWEVENT@F17PRINTPREVIEWCLASS
  48A4EC TAKEEVENT@F17PRINTPREVIEWCLASS
  48ABB0 TAKEACCEPTED@F17PRINTPREVIEWCLASS
  48B1B8 SYNCIMAGEQUEUE@F17PRINTPREVIEWCLASS
  48B218 SETZOOMPERCENTILE@F17PRINTPREVIEWCLASSl
  48B2F0 SETDEFAULTPAGES@F17PRINTPREVIEWCLASS
  48B354 RESETUSERZOOM@F17PRINTPREVIEWCLASS
  48B440 PROCESSRESULTFILES@F17PRINTPREVIEWCLASS15OUTPUTFILEQUEUE
  48B468 PARSEIMAGES@F17PRINTPREVIEWCLASSl
  48B56C ONPROCESSFILES@F17PRINTPREVIEWCLASS
  48B5D4 ONSAVEAS@F17PRINTPREVIEWCLASS
  48B64C OPEN@F17PRINTPREVIEWCLASS
  48BA8C NEWZOOM@F17PRINTPREVIEWCLASS
  48BAC4 KILL@F17PRINTPREVIEWCLASS
  48BBA8 INPAGELIST@F17PRINTPREVIEWCLASSl
  48BE04 INITWINDOWPOSITION@F17PRINTPREVIEWCLASSBw
  48BF78 INIT@F17PRINTPREVIEWCLASS12PREVIEWQUEUE25REPORTTARGETSELECTORCLASS17WMFDOCUMENTPARSER
  48BFD8 INIT@F17PRINTPREVIEWCLASS12PREVIEWQUEUE
  48C284 DRAWPAGE@F17PRINTPREVIEWCLASS
  48C344 DISPLAY@F17PRINTPREVIEWCLASSslUsUs
  48C724 DELETEIMAGEQUEUE@F17PRINTPREVIEWCLASSl
  48C7E0 CONFIGMENUCHECKS@F17PRINTPREVIEWCLASS
  48C8AC ASKTHUMBNAILS@F17PRINTPREVIEWCLASS
  48C9D4 ASKPRINTPAGES@F17PRINTPREVIEWCLASS
  48CBC4 ASKPAGE@F17PRINTPREVIEWCLASS
  48D14C SETPRIORITIES@F17WINDOWRESIZECLASS13POSITIONGROUP
  48D1BC SETSIZE@F17WINDOWRESIZECLASSl13POSITIONGROUP
  48D2AC GETSIZEINFO@F17WINDOWRESIZECLASSl13POSITIONGROUP
  48D3E8 RESTORECONTROLS@F17WINDOWRESIZECLASS
  48D478 TAKERESIZE@F17WINDOWRESIZECLASS
  48D4A4 SETSTRATEGY@F17WINDOWRESIZECLASSlUsUs
  48D734 SETPOSITION@F17WINDOWRESIZECLASSl13POSITIONGROUP13POSITIONGROUP13POSITIONGROUP13POSITIONGROUP
  48DE58 SETPARENTDEFAULT@F17WINDOWRESIZECLASS
  48E1AC SETPARENTDEFAULTS@F17WINDOWRESIZECLASS
  48E250 SETPARENTCONTROL@F17WINDOWRESIZECLASSll
  48E37C RESTOREWINDOW@F17WINDOWRESIZECLASS
  48E450 WINDOWRESIZEEND@F17WINDOWRESIZECLASS
  48E470 WINDOWRESIZEBEGIN@F17WINDOWRESIZECLASS
  48E490 RESIZECHILDREN@F17WINDOWRESIZECLASSl13POSITIONGROUP13POSITIONGROUP
  48E6B8 RESIZE@F17WINDOWRESIZECLASSl
  48EA2C RESIZE@F17WINDOWRESIZECLASS
  48EA60 RESET@F17WINDOWRESIZECLASS
  48EDE4 KILL@F17WINDOWRESIZECLASS
  48EE9C INIT@F17WINDOWRESIZECLASSUcUcUc
  48F0E0 GETCURRENTPOS@F17WINDOWRESIZECLASSl13POSITIONGROUP
  48F150 GETORIGPOS@F17WINDOWRESIZECLASSl13POSITIONGROUP
  48F1CC GETRESIZESTRATEGY@F17WINDOWRESIZECLASSsOUc
  48F3DC GETPOSITIONSTRATEGY@F17WINDOWRESIZECLASSsOUc
  48F5DC GETPARENTCONTROL@F17WINDOWRESIZECLASSl
  48F648 GETREPORTDEFAULT@F25REPORTTARGETSELECTORCLASS
  48F6D0 GETREPORTSELECTED@F25REPORTTARGETSELECTORCLASS
  48F79C GETDEFAULTITEMINDEX@F25REPORTTARGETSELECTORCLASS
  48F7C0 GETSELECTEDITEMINDEX@F25REPORTTARGETSELECTORCLASS
  48F7E4 GETPRINTSELECTED@F25REPORTTARGETSELECTORCLASS
  48F814 TAKEEVENT@F12TOOLBARCLASSPl13WINDOWMANAGER
  48F890 SETTARGET@F12TOOLBARCLASSl
  48F9A4 KILL@F12TOOLBARCLASS
  48F9D8 INIT@F12TOOLBARCLASS
  48FA18 DISPLAYBUTTONS@F12TOOLBARCLASS
  48FA78 SETMASK@F15SELECTFILECLASSsbsb
  48FB6C SETMASK@F15SELECTFILECLASSsb
  48FBD4 ASK@F15SELECTFILECLASSUc
  48FD7C ADDMASK@F15SELECTFILECLASSsbsb
  48FE70 ADDMASK@F15SELECTFILECLASSsb
  48FF40 INIT@F15SELECTFILECLASS
  48FF8C UPDATEQUEUE@F8INICLASSsbsbBqRuPuPuPu
  4901C8 UPDATE@F8INICLASSsbsbsb
  490298 UPDATE@F8INICLASSsbBw
  49047C UPDATE@F8INICLASS
  49049C TRYFETCH@F8INICLASSsbsb
  490524 REMOVE@F8INICLASSsbsb
  4906C4 KILL@F8INICLASS
  490818 INIT@F8INICLASSsbll
  490964 INIT@F8INICLASSsb
  4909B8 FETCHQUEUE@F8INICLASSsbsbBqRuPuPuPu
  490C34 FETCHFIELD@F8INICLASSsbsbUc
  490DD0 FETCH@F8INICLASSsbsbRu
  490EA8 FETCH@F8INICLASSsbBw
  491110 FETCH@F8INICLASSsbsb
  4912A8 FETCH@F8INICLASS
  4912C8 UPDATEWINDOWINFO@F8INICLASSsb10WINDOWINFO
  49155C FETCHWINDOWINFO@F8INICLASSsb10WINDOWINFO
  4917F0 UPDATE@F8INICLASSsbsbsbsb
  491A04 FETCH@F8INICLASSsbsbsbsb
  491C58 DESTRUCT@F8INICLASS
  491C94 CONSTRUCT@F8INICLASS
  491CC8 INIT@F15FIELDPAIRSCLASS
  491D00 KILL@F15FIELDPAIRSCLASS
  491D98 EQUALLEFTRIGHT@F15FIELDPAIRSCLASS
  491E10 EQUAL@F15FIELDPAIRSCLASS
  491E38 ASSIGNRIGHTTOLEFT@F15FIELDPAIRSCLASS
  491EB0 ASSIGNLEFTTORIGHT@F15FIELDPAIRSCLASS
  491F28 ADDPAIR@F15FIELDPAIRSCLASSRuRu
  491FB4 NEXT@F13CONSTANTCLASS
  4921FC SET@F13CONSTANTCLASSRsb
  49229C RESET@F13CONSTANTCLASS
  492320 KILL@F13CONSTANTCLASS
  4923BC INIT@F13CONSTANTCLASSUc
  492434 GETCSTRING@F13CONSTANTCLASS
  4924F8 GETPSTRING@F13CONSTANTCLASS
  4925C4 GETLONG@F13CONSTANTCLASS
  492604 GETUSHORT@F13CONSTANTCLASS
  492648 GETSHORT@F13CONSTANTCLASS
  492678 GETBYTE@F13CONSTANTCLASS
  4926F8 ADDITEM@F13CONSTANTCLASSUcRu
  492780 CONSTRUCT@F13CONSTANTCLASS
  4928C8 ONCLOSEEVENTCANCELLED@F13WINDOWMANAGER
  492900 SAVEONINSERTACTION@F13WINDOWMANAGER
  4929EC SAVEONCHANGEACTION@F13WINDOWMANAGER
  492B54 DELETEACTION@F13WINDOWMANAGER
  492D58 CHANGEACTION@F13WINDOWMANAGER
  493180 INSERTACTION@F13WINDOWMANAGER
  4933F0 TAKEDISABLEBUTTON@F13WINDOWMANAGERlUc
  493448 UPDATE@F13WINDOWMANAGER
  4934B4 TAKEWINDOWEVENT@F13WINDOWMANAGER
  493710 TAKESELECTED@F13WINDOWMANAGER
  493730 TAKEREJECTED@F13WINDOWMANAGER
  493788 TAKENOTIFY@F13WINDOWMANAGERlll
  4937C0 TAKENEWSELECTION@F13WINDOWMANAGER
  493858 TAKEFIELDEVENT@F13WINDOWMANAGER
  493878 TAKEEVENT@F13WINDOWMANAGER
  493A70 TAKECLOSEEVENT@F13WINDOWMANAGER
  493C5C TAKECOMPLETED@F13WINDOWMANAGER
  493D90 TAKEACCEPTED@F13WINDOWMANAGER
  493ED8 SETRESPONSE@F13WINDOWMANAGERUc
  493F48 SETALERTS@F13WINDOWMANAGER
  494030 SAVEHISTORY@F13WINDOWMANAGER
  49410C RUN@F13WINDOWMANAGERUsUc
  494140 RUN@F13WINDOWMANAGER
  4941A0 RESTOREFIELD@F13WINDOWMANAGERl
  4942B4 RESETBUFFERS@F13WINDOWMANAGERUc
  494334 RESET@F13WINDOWMANAGERUc
  4943FC PRIMEUPDATE@F13WINDOWMANAGER
  4945BC PRIMEFIELDS@F13WINDOWMANAGER
  4945DC POSTCOMPLETED@F13WINDOWMANAGER
  4946A0 OPEN@F13WINDOWMANAGERBwBw
  494714 OPEN@F13WINDOWMANAGER
  494774 MODALEVENT@F13WINDOWMANAGER
  4948A4 KILL@F13WINDOWMANAGER
  494A70 INIT@F13WINDOWMANAGER
  494B28 ASK@F13WINDOWMANAGER
  494BA8 ADDITEM@F13WINDOWMANAGER17WINDOWRESIZECLASS
  494BDC ADDITEM@F13WINDOWMANAGER15WINDOWCOMPONENT
  494C5C ADDITEM@F13WINDOWMANAGER12TOOLBARCLASS
  494C98 ADDITEM@F13WINDOWMANAGERlUc
  494D08 DISABLECANCELCONTROLS@F13WINDOWMANAGER
  494D88 ENABLECANCELCONTROLS@F13WINDOWMANAGER
  495014 PROCESSDOCUMENT@F17WMFDOCUMENTPARSER
  495104 OPENDOCUMENT@F17WMFDOCUMENTPARSER
  4951AC CLOSEDOCUMENT@F17WMFDOCUMENTPARSER
  495218 INIT@F17WMFDOCUMENTPARSER12PREVIEWQUEUE16IREPORTGENERATOR10ERRORCLASS
  495318 GENERATEREPORT@F17WMFDOCUMENTPARSERUc
  4956D4 TAKERECORD@F9WMFPARSER
  49A24C PROCESSFILE@F9WMFPARSER
  49A28C PROCESSHEADER@F9WMFPARSER
  49A494 ADDOBJECT@F9WMFPARSERUc
  49A5B8 CLOSEFILE@F9WMFPARSER
  49A620 RUN@F9WMFPARSER
  49A648 OPENFILE@F9WMFPARSER
  49A740 KILL@F9WMFPARSER
  49A7DC INIT@F9WMFPARSERsb16IREPORTGENERATOR10ERRORCLASS
  49A8F0 GETBOXBOTTOM@F9WMFPARSER
  49A918 GETBOXRIGHT@F9WMFPARSER
  49A940 GETBOXTOP@F9WMFPARSER
  49A968 GETBOXLEFT@F9WMFPARSER
  49A990 DESTRUCT@F9WMFPARSER
  49AAC8 CONSTRUCT@F9WMFPARSER
  49AC48 GETPOINTSIZE@Fl
  49AD54 GETDEFAULTTIPFONT@FlRlRUc
  49AF6C WINSUBCLASSFUNC
  49B220 SUBCLASSFUNC
  49B4C4 GETDLLVERSION@F12TOOLTIPCLASSRsc
  49B6F8 GETENABLED@F12TOOLTIPCLASS
  49B71C SETTITLE@F12TOOLTIPCLASSsbUs
  49B7A4 SETTITLE@F12TOOLTIPCLASSRscUs
  49B844 SETMAXTIPWIDTH@F12TOOLTIPCLASSl
  49B8A8 SETTIPTEXTCOLOR@F12TOOLTIPCLASSUl
  49B914 UPDATETIPTEXT@F12TOOLTIPCLASSlsbl
  49BB94 DELTOOL@F12TOOLTIPCLASSl
  49BD1C ADDTOOL@F12TOOLTIPCLASS11TAGTOOLINFO
  49BD6C ADDTIP@F12TOOLTIPCLASSlsblsblsbUc
  49C3B0 ADDTIP@F12TOOLTIPCLASSlsbl
  49C438 KILL@F12TOOLTIPCLASS
  49C56C INIT@F12TOOLTIPCLASSll
  49C814 TAKE24@FUcUcUcRsb
  49C934 STR@F12CSTRINGCLASS
  49C958 STR@F12CSTRINGCLASSsb
  49C9EC DESTRUCT@F12CSTRINGCLASS
  49CA20 CONSTRUCT@F12CSTRINGCLASS
  49CA5C CPXMLSETLASTERROR@Fl
  49CA90 TOBASE64@Fsb
  49CE48 DOMTOXMLFILE@F8DOCUMENTsbPsclsb
  49CF84 GETNEXTSIBLINGELEM@F4NODE
  49CFEC GETFIRSTCHILDELEM@F4NODE
  49D054 CHECKXMLNAME@Fsb
  49D318 TODOM:GETROWLABEL@Fl
  49D370 TODOM:APPENDCOL@F11XMLEXCHANGE8DOCUMENT7ELEMENT13STRUCTWRAPPERll
  49D6E0 CLIENTWNDPROC
  49DBE4 WINDOWPROC
  49DDA0 KILL_@_WINDOWCOMPONENT_@_CSCICONTROL@F15WINDOWCOMPONENT
  49DDD0 RESET_@_WINDOWCOMPONENT_@_CSCICONTROL@F15WINDOWCOMPONENTUc
  49DE08 RESETREQUIRED_@_WINDOWCOMPONENT_@_CSCICONTROL@F15WINDOWCOMPONENT
  49DE40 SETALERTS_@_WINDOWCOMPONENT_@_CSCICONTROL@F15WINDOWCOMPONENT
  49DE70 TAKEEVENT_@_WINDOWCOMPONENT_@_CSCICONTROL@F15WINDOWCOMPONENT
  49DEA8 UPDATE_@_WINDOWCOMPONENT_@_CSCICONTROL@F15WINDOWCOMPONENT
  49DED8 UPDATEWINDOW_@_WINDOWCOMPONENT_@_CSCICONTROL@F15WINDOWCOMPONENT
  49DF08 UPDATEWINDOW@F11CSCICONTROL
  49DF28 UPDATE@F11CSCICONTROL
  49DF48 TAKEEVENT@F11CSCICONTROL
  49DFCC SETALERTS@F11CSCICONTROL
  49DFEC RESETREQUIRED@F11CSCICONTROL
  49E010 RESET@F11CSCICONTROLUc
  49E050 KILL@F11CSCICONTROL
  49E17C SENDMESSAGE@F11CSCICONTROLlll
  49E1E4 SETWINDOWPOS@F11CSCICONTROL
  49E280 GETWINDOWRECT@F11CSCICONTROL
  49E388 DESCRIBEKEYWORDSETS@F11CSCICONTROLRsc
  49E3F0 DESCRIBEPROPERTY@F11CSCICONTROLRscRsc
  49E460 PROPERTYTYPE@F11CSCICONTROLRsc
  49E4C8 PROPERTYNAMES@F11CSCICONTROLRsc
  49E530 PRIVATELEXERCALL@F11CSCICONTROLll
  49E594 GETLEXERLANGUAGE@F11CSCICONTROLRsc
  49E5FC GETSTYLEBITSNEEDED@F11CSCICONTROL
  49E658 GETPROPERTYINT@F11CSCICONTROLRsc
  49E6C0 GETPROPERTYEXPANDED@F11CSCICONTROLRscRsc
  49E730 GETPROPERTY@F11CSCICONTROLRscRsc
  49E7A0 LOADLEXERLIBRARY@F11CSCICONTROLRsc
  49E7F0 SETLEXERLANGUAGE@F11CSCICONTROLRsc
  49E840 SETKEYWORDS@F11CSCICONTROLlRsc
  49E894 SETPROPERTY@F11CSCICONTROLRscRsc
  49E8F0 COLOURISE@F11CSCICONTROLll
  49E93C GETLEXER@F11CSCICONTROL
  49E990 SETLEXER@F11CSCICONTROLl
  49E9D8 STOPRECORD@F11CSCICONTROL
  49EA1C STARTRECORD@F11CSCICONTROL
  49EA60 CREATELOADER@F11CSCICONTROLl
  49EAB8 GETTECHNOLOGY@F11CSCICONTROL
  49EB0C SETTECHNOLOGY@F11CSCICONTROLl
  49EB54 SCROLLTOEND@F11CSCICONTROL
  49EB98 SCROLLTOSTART@F11CSCICONTROL
  49EBDC REGISTERRGBAIMAGE@F11CSCICONTROLlRsb
  49EC30 MARKERDEFINERGBAIMAGE@F11CSCICONTROLlRsb
  49EC84 RGBAIMAGESETHEIGHT@F11CSCICONTROLl
  49ECCC RGBAIMAGESETWIDTH@F11CSCICONTROLl
  49ED14 GETIDENTIFIER@F11CSCICONTROL
  49ED64 SETIDENTIFIER@F11CSCICONTROLl
  49EDAC MOVESELECTEDLINESDOWN@F11CSCICONTROL
  49EDF0 MOVESELECTEDLINESUP@F11CSCICONTROL
  49EE34 VERTICALCENTRECARET@F11CSCICONTROL
  49EE78 CONTRACTEDFOLDNEXT@F11CSCICONTROLl
  49EECC CHANGELEXERSTATE@F11CSCICONTROLll
  49EF24 SWAPMAINANCHORCARET@F11CSCICONTROL
  49EF68 ROTATESELECTION@F11CSCICONTROL
  49EFAC GETADDITIONALCARETFORE@F11CSCICONTROL
  49EFFC SETADDITIONALCARETFORE@F11CSCICONTROLl
  49F044 GETADDITIONALSELALPHA@F11CSCICONTROL
  49F094 SETADDITIONALSELALPHA@F11CSCICONTROLl
  49F0DC SETADDITIONALSELBACK@F11CSCICONTROLl
  49F124 SETADDITIONALSELFORE@F11CSCICONTROLl
  49F16C GETRECTANGULARSELECTIONMODIFIER@F11CSCICONTROL
  49F1BC SETRECTANGULARSELECTIONMODIFIER@F11CSCICONTROLl
  49F204 GETVIRTUALSPACEOPTIONS@F11CSCICONTROL
  49F254 SETVIRTUALSPACEOPTIONS@F11CSCICONTROLl
  49F29C GETRECTANGULARSELECTIONANCHORVIRTUALSPACE@F11CSCICONTROL
  49F2EC SETRECTANGULARSELECTIONANCHORVIRTUALSPACE@F11CSCICONTROLl
  49F334 GETRECTANGULARSELECTIONCARETVIRTUALSPACE@F11CSCICONTROL
  49F384 SETRECTANGULARSELECTIONCARETVIRTUALSPACE@F11CSCICONTROLl
  49F3CC GETRECTANGULARSELECTIONANCHOR@F11CSCICONTROL
  49F41C SETRECTANGULARSELECTIONANCHOR@F11CSCICONTROLl
  49F464 GETRECTANGULARSELECTIONCARET@F11CSCICONTROL
  49F4B4 SETRECTANGULARSELECTIONCARET@F11CSCICONTROLl
  49F4FC GETSELECTIONNEND@F11CSCICONTROLl
  49F550 SETSELECTIONNEND@F11CSCICONTROLll
  49F59C GETSELECTIONNSTART@F11CSCICONTROLl
  49F5F0 SETSELECTIONNSTART@F11CSCICONTROLll
  49F63C GETSELECTIONNANCHORVIRTUALSPACE@F11CSCICONTROLl
  49F690 SETSELECTIONNANCHORVIRTUALSPACE@F11CSCICONTROLll
  49F6DC GETSELECTIONNCARETVIRTUALSPACE@F11CSCICONTROLl
  49F730 SETSELECTIONNCARETVIRTUALSPACE@F11CSCICONTROLll
  49F77C GETSELECTIONNANCHOR@F11CSCICONTROLl
  49F7D0 SETSELECTIONNANCHOR@F11CSCICONTROLll
  49F81C GETSELECTIONNCARET@F11CSCICONTROLl
  49F870 SETSELECTIONNCARET@F11CSCICONTROLll
  49F8BC GETMAINSELECTION@F11CSCICONTROL
  49F90C SETMAINSELECTION@F11CSCICONTROLl
  49F954 ADDSELECTION@F11CSCICONTROLll
  49F9AC SETSELECTION@F11CSCICONTROLll
  49FA04 CLEARSELECTIONS@F11CSCICONTROL
  49FA48 GETSELECTIONS@F11CSCICONTROL
  49FA98 GETADDITIONALCARETSVISIBLE@F11CSCICONTROL
  49FAE8 SETADDITIONALCARETSVISIBLE@F11CSCICONTROLl
  49FB30 GETADDITIONALCARETSBLINK@F11CSCICONTROL
  49FB80 SETADDITIONALCARETSBLINK@F11CSCICONTROLl
  49FBC8 GETADDITIONALSELECTIONTYPING@F11CSCICONTROL
  49FC18 SETADDITIONALSELECTIONTYPING@F11CSCICONTROLl
  49FC60 GETMULTIPLESELECTION@F11CSCICONTROL
  49FCB0 SETMULTIPLESELECTION@F11CSCICONTROLl
  49FCF8 CHARPOSITIONFROMPOINTCLOSE@F11CSCICONTROLll
  49FD50 CHARPOSITIONFROMPOINT@F11CSCICONTROLll
  49FDA8 ADDUNDOACTION@F11CSCICONTROLll
  49FDF4 ANNOTATIONGETSTYLEOFFSET@F11CSCICONTROL
  49FE44 ANNOTATIONSETSTYLEOFFSET@F11CSCICONTROLl
  49FE8C ANNOTATIONGETVISIBLE@F11CSCICONTROL
  49FEDC ANNOTATIONSETVISIBLE@F11CSCICONTROLl
  49FF24 ANNOTATIONCLEARALL@F11CSCICONTROL
  49FF68 ANNOTATIONGETLINES@F11CSCICONTROLl
  49FFBC ANNOTATIONGETSTYLES@F11CSCICONTROLlRsc
  4A0020 ANNOTATIONSETSTYLES@F11CSCICONTROLlRsc
  4A0074 ANNOTATIONGETSTYLE@F11CSCICONTROLl
  4A00C8 ANNOTATIONSETSTYLE@F11CSCICONTROLll
  4A0114 ANNOTATIONGETTEXT@F11CSCICONTROLlRsc
  4A0178 ANNOTATIONSETTEXT@F11CSCICONTROLlRsc
  4A01CC GETMARGINOPTIONS@F11CSCICONTROL
  4A021C SETMARGINOPTIONS@F11CSCICONTROLl
  4A0264 MARGINGETSTYLEOFFSET@F11CSCICONTROL
  4A02B4 MARGINSETSTYLEOFFSET@F11CSCICONTROLl
  4A02FC MARGINTEXTCLEARALL@F11CSCICONTROL
  4A0340 MARGINGETSTYLES@F11CSCICONTROLlRsc
  4A03A4 MARGINSETSTYLES@F11CSCICONTROLlRsc
  4A03F8 MARGINGETSTYLE@F11CSCICONTROLl
  4A044C MARGINSETSTYLE@F11CSCICONTROLll
  4A0498 MARGINGETTEXT@F11CSCICONTROLlRsc
  4A04FC MARGINSETTEXT@F11CSCICONTROLlRsc
  4A0550 MARKERSYMBOLDEFINED@F11CSCICONTROLl
  4A05A4 GETEXTRADESCENT@F11CSCICONTROL
  4A05F4 SETEXTRADESCENT@F11CSCICONTROLl
  4A063C GETEXTRAASCENT@F11CSCICONTROL
  4A068C SETEXTRAASCENT@F11CSCICONTROLl
  4A06D4 INDICGETOUTLINEALPHA@F11CSCICONTROLl
  4A0728 INDICSETOUTLINEALPHA@F11CSCICONTROLll
  4A0774 INDICGETALPHA@F11CSCICONTROLl
  4A07C8 INDICSETALPHA@F11CSCICONTROLll
  4A0814 GETKEYSUNICODE@F11CSCICONTROL
  4A0864 SETKEYSUNICODE@F11CSCICONTROLl
  4A08AC GETCHARACTERPOINTER@F11CSCICONTROL
  4A08FC COPYALLOWLINE@F11CSCICONTROL
  4A0940 GETPOSITIONCACHE@F11CSCICONTROL
  4A0990 SETPOSITIONCACHE@F11CSCICONTROLl
  4A09D8 INDICATOREND@F11CSCICONTROLll
  4A0A30 INDICATORSTART@F11CSCICONTROLll
  4A0A88 INDICATORVALUEAT@F11CSCICONTROLll
  4A0AE0 INDICATORALLONFOR@F11CSCICONTROLl
  4A0B34 INDICATORCLEARRANGE@F11CSCICONTROLll
  4A0B80 INDICATORFILLRANGE@F11CSCICONTROLll
  4A0BCC GETINDICATORVALUE@F11CSCICONTROL
  4A0C1C SETINDICATORVALUE@F11CSCICONTROLl
  4A0C64 GETINDICATORCURRENT@F11CSCICONTROL
  4A0CB4 SETINDICATORCURRENT@F11CSCICONTROLl
  4A0CFC GETCARETSTYLE@F11CSCICONTROL
  4A0D4C SETCARETSTYLE@F11CSCICONTROLl
  4A0D94 GETCARETLINEBACKALPHA@F11CSCICONTROL
  4A0DE4 SETCARETLINEBACKALPHA@F11CSCICONTROLl
  4A0E2C SELECTIONDUPLICATE@F11CSCICONTROL
  4A0E70 GETPASTECONVERTENDINGS@F11CSCICONTROL
  4A0EC0 SETPASTECONVERTENDINGS@F11CSCICONTROLl
  4A0F08 TOGGLECARETSTICKY@F11CSCICONTROL
  4A0F4C SETCARETSTICKY@F11CSCICONTROLl
  4A0F94 GETCARETSTICKY@F11CSCICONTROL
  4A0FE4 FINDCOLUMN@F11CSCICONTROLll
  4A103C ENCODEDFROMUTF8@F11CSCICONTROLRscRsc
  4A10A4 SETLENGTHFORENCODE@F11CSCICONTROLl
  4A10EC TARGETASUTF8@F11CSCICONTROLRsc
  4A114C ALLOCATE@F11CSCICONTROLl
  4A1194 AUTOCGETCURRENTTEXT@F11CSCICONTROLRsc
  4A11F4 AUTOCGETCURRENT@F11CSCICONTROL
  4A1244 SETCHARSDEFAULT@F11CSCICONTROL
  4A1288 SETWHITESPACECHARS@F11CSCICONTROLRsc
  4A12D8 WORDRIGHTENDEXTEND@F11CSCICONTROL
  4A131C WORDRIGHTEND@F11CSCICONTROL
  4A1360 WORDLEFTENDEXTEND@F11CSCICONTROL
  4A13A4 WORDLEFTEND@F11CSCICONTROL
  4A13E8 STUTTEREDPAGEDOWNEXTEND@F11CSCICONTROL
  4A142C STUTTEREDPAGEDOWN@F11CSCICONTROL
  4A1470 STUTTEREDPAGEUPEXTEND@F11CSCICONTROL
  4A14B4 STUTTEREDPAGEUP@F11CSCICONTROL
  4A14F8 PAGEDOWNRECTEXTEND@F11CSCICONTROL
  4A153C PAGEUPRECTEXTEND@F11CSCICONTROL
  4A1580 LINEENDRECTEXTEND@F11CSCICONTROL
  4A15C4 VCHOMERECTEXTEND@F11CSCICONTROL
  4A1608 HOMERECTEXTEND@F11CSCICONTROL
  4A164C CHARRIGHTRECTEXTEND@F11CSCICONTROL
  4A1690 CHARLEFTRECTEXTEND@F11CSCICONTROL
  4A16D4 LINEUPRECTEXTEND@F11CSCICONTROL
  4A1718 LINEDOWNRECTEXTEND@F11CSCICONTROL
  4A175C GETLINESELENDPOSITION@F11CSCICONTROLl
  4A17B0 GETLINESELSTARTPOSITION@F11CSCICONTROLl
  4A1804 GETSELECTIONMODE@F11CSCICONTROL
  4A1854 SETSELECTIONMODE@F11CSCICONTROLl
  4A189C COPYTEXT@F11CSCICONTROLlRsc
  4A18F0 COPYRANGE@F11CSCICONTROLll
  4A193C POSITIONAFTER@F11CSCICONTROLl
  4A1994 POSITIONBEFORE@F11CSCICONTROLl
  4A19EC PARAUPEXTEND@F11CSCICONTROL
  4A1A30 PARAUP@F11CSCICONTROL
  4A1A74 PARADOWNEXTEND@F11CSCICONTROL
  4A1AB8 PARADOWN@F11CSCICONTROL
  4A1AFC GETHOTSPOTSINGLELINE@F11CSCICONTROL
  4A1B48 SETHOTSPOTSINGLELINE@F11CSCICONTROLl
  4A1B90 GETHOTSPOTACTIVEUNDERLINE@F11CSCICONTROL
  4A1BDC SETHOTSPOTACTIVEUNDERLINE@F11CSCICONTROLl
  4A1C24 GETHOTSPOTACTIVEBACK@F11CSCICONTROL
  4A1C70 SETHOTSPOTACTIVEBACK@F11CSCICONTROLll
  4A1CBC GETHOTSPOTACTIVEFORE@F11CSCICONTROL
  4A1D08 SETHOTSPOTACTIVEFORE@F11CSCICONTROLll
  4A1D54 GETPRINTWRAPMODE@F11CSCICONTROL
  4A1DA8 SETPRINTWRAPMODE@F11CSCICONTROLl
  4A1DF0 SETYCARETPOLICY@F11CSCICONTROLll
  4A1E3C SETXCARETPOLICY@F11CSCICONTROLll
  4A1E88 GRABFOCUS@F11CSCICONTROL
  4A1ECC CHOOSECARETX@F11CSCICONTROL
  4A1F10 GETXOFFSET@F11CSCICONTROL
  4A1F64 SETXOFFSET@F11CSCICONTROLl
  4A1FAC DELLINERIGHT@F11CSCICONTROL
  4A1FF0 DELLINELEFT@F11CSCICONTROL
  4A2034 SETVISIBLEPOLICY@F11CSCICONTROLll
  4A2080 WORDPARTRIGHTEXTEND@F11CSCICONTROL
  4A20C4 WORDPARTRIGHT@F11CSCICONTROL
  4A2108 WORDPARTLEFTEXTEND@F11CSCICONTROL
  4A214C WORDPARTLEFT@F11CSCICONTROL
  4A2190 GETCONTROLCHARSYMBOL@F11CSCICONTROL
  4A21E4 SETCONTROLCHARSYMBOL@F11CSCICONTROLl
  4A222C GETCURSOR@F11CSCICONTROL
  4A2280 SETCURSOR@F11CSCICONTROLl
  4A22C8 GETMOUSEDOWNCAPTURES@F11CSCICONTROL
  4A231C SETMOUSEDOWNCAPTURES@F11CSCICONTROLl
  4A2364 GETSTATUS@F11CSCICONTROL
  4A23B8 SETSTATUS@F11CSCICONTROLl
  4A2400 GETFOCUS@F11CSCICONTROL
  4A2454 SETFOCUS@F11CSCICONTROLl
  4A249C GETMODEVENTMASK@F11CSCICONTROL
  4A24F0 RELEASEDOCUMENT@F11CSCICONTROLl
  4A2538 ADDREFDOCUMENT@F11CSCICONTROLl
  4A2580 CREATEDOCUMENT@F11CSCICONTROL
  4A25D4 GETZOOM@F11CSCICONTROL
  4A2628 SETZOOM@F11CSCICONTROLl
  4A2670 SELECTIONISRECTANGLE@F11CSCICONTROL
  4A26C4 USEPOPUP@F11CSCICONTROLl
  4A270C LINESONSCREEN@F11CSCICONTROL
  4A2760 SEARCHPREV@F11CSCICONTROLlRsc
  4A27C4 SEARCHNEXT@F11CSCICONTROLlRsc
  4A2828 SEARCHANCHOR@F11CSCICONTROL
  4A286C SETEDGECOLOUR@F11CSCICONTROLl
  4A28B4 GETEDGECOLOUR@F11CSCICONTROL
  4A2908 SETEDGEMODE@F11CSCICONTROLl
  4A2950 GETEDGEMODE@F11CSCICONTROL
  4A29A4 SETEDGECOLUMN@F11CSCICONTROLl
  4A29EC GETEDGECOLUMN@F11CSCICONTROL
  4A2A40 SETMODEVENTMASK@F11CSCICONTROLl
  4A2A88 SETDOCPOINTER@F11CSCICONTROLl
  4A2AD0 GETDOCPOINTER@F11CSCICONTROL
  4A2B24 SETVIEWEOL@F11CSCICONTROLl
  4A2B6C GETVIEWEOL@F11CSCICONTROL
  4A2BC0 BRACEMATCH@F11CSCICONTROLl
  4A2C18 BRACEBADLIGHTINDICATOR@F11CSCICONTROLll
  4A2C64 BRACEBADLIGHT@F11CSCICONTROLl
  4A2CAC BRACEHIGHLIGHTINDICATOR@F11CSCICONTROLll
  4A2CF8 BRACEHIGHLIGHT@F11CSCICONTROLll
  4A2D44 LINELENGTH@F11CSCICONTROLl
  4A2D9C MOVECARETINSIDEVIEW@F11CSCICONTROL
  4A2DE0 LINECOPY@F11CSCICONTROL
  4A2E24 VCHOMEWRAPEXTEND@F11CSCICONTROL
  4A2E68 VCHOMEWRAP@F11CSCICONTROL
  4A2EAC LINEENDWRAPEXTEND@F11CSCICONTROL
  4A2EF0 LINEENDWRAP@F11CSCICONTROL
  4A2F34 HOMEWRAPEXTEND@F11CSCICONTROL
  4A2F78 HOMEWRAP@F11CSCICONTROL
  4A2FBC LINEENDDISPLAYEXTEND@F11CSCICONTROL
  4A3000 LINEENDDISPLAY@F11CSCICONTROL
  4A3044 HOMEDISPLAYEXTEND@F11CSCICONTROL
  4A3088 HOMEDISPLAY@F11CSCICONTROL
  4A30CC DELETEBACKNOTLINE@F11CSCICONTROL
  4A3110 LINESCROLLUP@F11CSCICONTROL
  4A3138 LINESCROLLDOWN@F11CSCICONTROL
  4A3160 UPPERCASE@F11CSCICONTROL
  4A31A4 LOWERCASE@F11CSCICONTROL
  4A31E8 LINEDUPLICATE@F11CSCICONTROL
  4A322C LINETRANSPOSE@F11CSCICONTROL
  4A3270 LINEDELETE@F11CSCICONTROL
  4A32B4 LINECUT@F11CSCICONTROL
  4A32F8 DELWORDRIGHTEND@F11CSCICONTROL
  4A333C DELWORDRIGHT@F11CSCICONTROL
  4A3380 DELWORDLEFT@F11CSCICONTROL
  4A33C4 ZOOMOUT@F11CSCICONTROL
  4A3408 ZOOMIN@F11CSCICONTROL
  4A344C VCHOMEEXTEND@F11CSCICONTROL
  4A3490 VCHOME@F11CSCICONTROL
  4A34D4 FORMFEED@F11CSCICONTROL
  4A3518 NEWLINE@F11CSCICONTROL
  4A355C BACKTAB@F11CSCICONTROL
  4A35A0 TAB@F11CSCICONTROL
  4A35E4 DELETEBACK@F11CSCICONTROL
  4A3628 CANCEL@F11CSCICONTROL
  4A366C EDITTOGGLEOVERTYPE@F11CSCICONTROL
  4A36B0 PAGEDOWNEXTEND@F11CSCICONTROL
  4A36F4 PAGEDOWN@F11CSCICONTROL
  4A3738 PAGEUPEXTEND@F11CSCICONTROL
  4A377C PAGEUP@F11CSCICONTROL
  4A37C0 DOCUMENTENDEXTEND@F11CSCICONTROL
  4A3804 DOCUMENTEND@F11CSCICONTROL
  4A3848 DOCUMENTSTARTEXTEND@F11CSCICONTROL
  4A388C DOCUMENTSTART@F11CSCICONTROL
  4A38D0 LINEENDEXTEND@F11CSCICONTROL
  4A3914 LINEEND@F11CSCICONTROL
  4A3958 HOMEEXTEND@F11CSCICONTROL
  4A399C HOME@F11CSCICONTROL
  4A39E0 WORDRIGHTEXTEND@F11CSCICONTROL
  4A3A24 WORDRIGHT@F11CSCICONTROL
  4A3A68 WORDLEFTEXTEND@F11CSCICONTROL
  4A3AAC WORDLEFT@F11CSCICONTROL
  4A3AF0 CHARRIGHTEXTEND@F11CSCICONTROL
  4A3B34 CHARRIGHT@F11CSCICONTROL
  4A3B78 CHARLEFTEXTEND@F11CSCICONTROL
  4A3BBC CHARLEFT@F11CSCICONTROL
  4A3C00 LINEUPEXTEND@F11CSCICONTROL
  4A3C44 LINEUP@F11CSCICONTROL
  4A3C88 LINEDOWNEXTEND@F11CSCICONTROL
  4A3CCC LINEDOWN@F11CSCICONTROL
  4A3D10 SETFOLDMARGINHICOLOUR@F11CSCICONTROLll
  4A3D5C SETFOLDMARGINCOLOUR@F11CSCICONTROLll
  4A3DA8 LINESSPLIT@F11CSCICONTROLl
  4A3DF0 LINESJOIN@F11CSCICONTROL
  4A3E34 TARGETFROMSELECTION@F11CSCICONTROL
  4A3E78 GETTAG@F11CSCICONTROLlRsc
  4A3EDC GETMULTIPASTE@F11CSCICONTROL
  4A3F30 SETMULTIPASTE@F11CSCICONTROLl
  4A3F78 SETFIRSTVISIBLELINE@F11CSCICONTROLl
  4A3FC0 GETFONTQUALITY@F11CSCICONTROL
  4A4014 SETFONTQUALITY@F11CSCICONTROLl
  4A405C SETTWOPHASEDRAW@F11CSCICONTROLl
  4A40A4 GETTWOPHASEDRAW@F11CSCICONTROL
  4A40F8 APPENDTEXT@F11CSCICONTROLlRsc
  4A414C GETVSCROLLBAR@F11CSCICONTROL
  4A41A0 SETVSCROLLBAR@F11CSCICONTROLl
  4A41E8 TEXTHEIGHT@F11CSCICONTROLl
  4A4240 GETENDATLASTLINE@F11CSCICONTROL
  4A4294 SETENDATLASTLINE@F11CSCICONTROLl
  4A42DC TEXTWIDTH@F11CSCICONTROLlRsc
  4A4340 GETSCROLLWIDTHTRACKING@F11CSCICONTROL
  4A4394 SETSCROLLWIDTHTRACKING@F11CSCICONTROLl
  4A43DC GETSCROLLWIDTH@F11CSCICONTROL
  4A4430 SETSCROLLWIDTH@F11CSCICONTROLl
  4A4478 GETLAYOUTCACHE@F11CSCICONTROL
  4A44CC SETLAYOUTCACHE@F11CSCICONTROLl
  4A4514 GETWRAPINDENTMODE@F11CSCICONTROL
  4A4568 SETWRAPINDENTMODE@F11CSCICONTROLl
  4A45B0 GETWRAPSTARTINDENT@F11CSCICONTROL
  4A4604 SETWRAPSTARTINDENT@F11CSCICONTROLl
  4A464C GETWRAPVISUALFLAGSLOCATION@F11CSCICONTROL
  4A46A0 SETWRAPVISUALFLAGSLOCATION@F11CSCICONTROLl
  4A46E8 GETWRAPVISUALFLAGS@F11CSCICONTROL
  4A473C SETWRAPVISUALFLAGS@F11CSCICONTROLl
  4A4784 GETWRAPMODE@F11CSCICONTROL
  4A47D8 SETWRAPMODE@F11CSCICONTROLl
  4A4820 WORDENDPOSITION@F11CSCICONTROLll
  4A487C WORDSTARTPOSITION@F11CSCICONTROLll
  4A48D8 GETMOUSEDWELLTIME@F11CSCICONTROL
  4A492C SETMOUSEDWELLTIME@F11CSCICONTROLl
  4A4974 GETBACKSPACEUNINDENTS@F11CSCICONTROL
  4A49C8 SETBACKSPACEUNINDENTS@F11CSCICONTROLl
  4A4A10 GETTABINDENTS@F11CSCICONTROL
  4A4A64 SETTABINDENTS@F11CSCICONTROLl
  4A4AAC ENSUREVISIBLEENFORCEPOLICY@F11CSCICONTROLl
  4A4AF4 SETFOLDFLAGS@F11CSCICONTROLl
  4A4B3C ENSUREVISIBLE@F11CSCICONTROLl
  4A4B84 TOGGLEFOLD@F11CSCICONTROLl
  4A4BCC GETFOLDEXPANDED@F11CSCICONTROLl
  4A4C24 SETFOLDEXPANDED@F11CSCICONTROLll
  4A4C70 GETALLLINESVISIBLE@F11CSCICONTROL
  4A4CC4 GETLINEVISIBLE@F11CSCICONTROLl
  4A4D1C HIDELINES@F11CSCICONTROLll
  4A4D68 SHOWLINES@F11CSCICONTROLll
  4A4DB4 GETFOLDPARENT@F11CSCICONTROLl
  4A4E0C GETLASTCHILD@F11CSCICONTROLll
  4A4E68 GETFOLDLEVEL@F11CSCICONTROLl
  4A4EC0 SETFOLDLEVEL@F11CSCICONTROLll
  4A4F0C WRAPCOUNT@F11CSCICONTROLl
  4A4F64 DOCLINEFROMVISIBLE@F11CSCICONTROLl
  4A4FBC VISIBLEFROMDOCLINE@F11CSCICONTROLl
  4A5014 CALLTIPSETPOSITION@F11CSCICONTROLl
  4A505C CALLTIPUSESTYLE@F11CSCICONTROLl
  4A50A4 CALLTIPSETFOREHLT@F11CSCICONTROLl
  4A50EC CALLTIPSETFORE@F11CSCICONTROLl
  4A5134 CALLTIPSETBACK@F11CSCICONTROLl
  4A517C CALLTIPSETHLT@F11CSCICONTROLll
  4A51C8 CALLTIPPOSSTART@F11CSCICONTROL
  4A521C CALLTIPACTIVE@F11CSCICONTROL
  4A5270 CALLTIPCANCEL@F11CSCICONTROL
  4A52B4 CALLTIPSHOW@F11CSCICONTROLlRsc
  4A5308 GETSEARCHFLAGS@F11CSCICONTROL
  4A535C SETSEARCHFLAGS@F11CSCICONTROLl
  4A53A4 SEARCHINTARGET@F11CSCICONTROLlRsc
  4A5408 REPLACETARGETRE@F11CSCICONTROLlRsc
  4A546C REPLACETARGET@F11CSCICONTROLlRsc
  4A54D0 GETTARGETEND@F11CSCICONTROL
  4A5524 SETTARGETEND@F11CSCICONTROLl
  4A556C GETTARGETSTART@F11CSCICONTROL
  4A55C0 SETTARGETSTART@F11CSCICONTROLl
  4A5608 GETCARETWIDTH@F11CSCICONTROL
  4A565C SETCARETWIDTH@F11CSCICONTROLl
  4A56A4 GETOVERTYPE@F11CSCICONTROL
  4A56F8 SETOVERTYPE@F11CSCICONTROLl
  4A5740 GETDIRECTPOINTER@F11CSCICONTROL
  4A5794 GETDIRECTFUNCTION@F11CSCICONTROL
  4A57E8 GETTEXTLENGTH@F11CSCICONTROL
  4A583C GETTEXT@F11CSCICONTROLlRsc
  4A58A0 SETTEXT@F11CSCICONTROLRsc
  4A58F0 CLEARCLIPBOARD@F11CSCICONTROL
  4A5934 PASTE@F11CSCICONTROL
  4A5978 COPY@F11CSCICONTROL
  4A59BC CUT@F11CSCICONTROL
  4A5A00 UNDO@F11CSCICONTROL
  4A5A44 EMPTYUNDOBUFFER@F11CSCICONTROL
  4A5A88 CANUNDO@F11CSCICONTROL
  4A5ADC CANPASTE@F11CSCICONTROL
  4A5B30 _NULL@F11CSCICONTROL
  4A5B74 SETREADONLY@F11CSCICONTROLl
  4A5BBC REPLACESEL@F11CSCICONTROLRsc
  4A5C0C SCROLLCARET@F11CSCICONTROL
  4A5C50 LINESCROLL@F11CSCICONTROLll
  4A5C9C POSITIONFROMLINE@F11CSCICONTROLl
  4A5CF4 LINEFROMPOSITION@F11CSCICONTROLl
  4A5D4C POINTYFROMPOSITION@F11CSCICONTROLl
  4A5DA4 POINTXFROMPOSITION@F11CSCICONTROLl
  4A5DFC HIDESELECTION@F11CSCICONTROLl
  4A5E44 GETTEXTRANGE@F11CSCICONTROL13SCI_TEXTRANGE
  4A5E9C GETSELTEXT@F11CSCICONTROLRsc
  4A5EFC SETSEL@F11CSCICONTROLll
  4A5F48 GETMODIFY@F11CSCICONTROL
  4A5F9C GETMARGINRIGHT@F11CSCICONTROL
  4A5FF0 SETMARGINRIGHT@F11CSCICONTROLl
  4A6038 GETMARGINLEFT@F11CSCICONTROL
  4A608C SETMARGINLEFT@F11CSCICONTROLl
  4A60D4 GETLINECOUNT@F11CSCICONTROL
  4A6128 GETLINE@F11CSCICONTROLlRsc
  4A618C GETFIRSTVISIBLELINE@F11CSCICONTROL
  4A61E0 FORMATRANGE@F11CSCICONTROLl17SCI_RANGETOFORMAT
  4A623C FINDTEXT@F11CSCICONTROLl8FINDTEXT
  4A6298 GETPRINTCOLOURMODE@F11CSCICONTROL
  4A62EC SETPRINTCOLOURMODE@F11CSCICONTROLl
  4A6334 GETPRINTMAGNIFICATION@F11CSCICONTROL
  4A6388 SETPRINTMAGNIFICATION@F11CSCICONTROLl
  4A63D0 SETEMPTYSELECTION@F11CSCICONTROLl
  4A6418 GETSELECTIONEND@F11CSCICONTROL
  4A646C SETSELECTIONEND@F11CSCICONTROLl
  4A64B4 GETSELECTIONSTART@F11CSCICONTROL
  4A6508 SETSELECTIONSTART@F11CSCICONTROLl
  4A6550 SETCURRENTPOS@F11CSCICONTROLl
  4A6598 GETREADONLY@F11CSCICONTROL
  4A65EC GETUSEPALETTE@F11CSCICONTROL
  4A6640 GETCARETFORE@F11CSCICONTROL
  4A6694 GETCODEPAGE@F11CSCICONTROL
  4A66E8 GETLINEENDPOSITION@F11CSCICONTROLl
  4A6740 GETHIGHLIGHTGUIDE@F11CSCICONTROL
  4A6794 SETHIGHLIGHTGUIDE@F11CSCICONTROLl
  4A67DC GETINDENTATIONGUIDES@F11CSCICONTROL
  4A6830 SETINDENTATIONGUIDES@F11CSCICONTROLl
  4A6878 GETHSCROLLBAR@F11CSCICONTROL
  4A68CC SETHSCROLLBAR@F11CSCICONTROLl
  4A6914 GETCOLUMN@F11CSCICONTROLl
  4A696C GETLINEINDENTPOSITION@F11CSCICONTROLl
  4A69C4 GETLINEINDENTATION@F11CSCICONTROLl
  4A6A1C SETLINEINDENTATION@F11CSCICONTROLll
  4A6A68 GETUSETABS@F11CSCICONTROL
  4A6ABC SETUSETABS@F11CSCICONTROLl
  4A6B04 GETINDENT@F11CSCICONTROL
  4A6B58 SETINDENT@F11CSCICONTROLl
  4A6BA0 AUTOCGETMAXHEIGHT@F11CSCICONTROL
  4A6BF4 AUTOCSETMAXHEIGHT@F11CSCICONTROLl
  4A6C3C AUTOCGETMAXWIDTH@F11CSCICONTROL
  4A6C90 AUTOCSETMAXWIDTH@F11CSCICONTROLl
  4A6CD8 AUTOCSETTYPESEPARATOR@F11CSCICONTROLl
  4A6D20 AUTOCGETTYPESEPARATOR@F11CSCICONTROL
  4A6D74 CLEARREGISTEREDIMAGES@F11CSCICONTROL
  4A6DB8 REGISTERIMAGE@F11CSCICONTROLll
  4A6E04 AUTOCGETDROPRESTOFWORD@F11CSCICONTROL
  4A6E58 AUTOCSETDROPRESTOFWORD@F11CSCICONTROLl
  4A6EA0 AUTOCGETAUTOHIDE@F11CSCICONTROL
  4A6EF4 AUTOCSETAUTOHIDE@F11CSCICONTROLl
  4A6F3C USERLISTSHOW@F11CSCICONTROLlRsc
  4A6F90 AUTOCGETIGNORECASE@F11CSCICONTROL
  4A6FE4 AUTOCSETIGNORECASE@F11CSCICONTROLl
  4A702C AUTOCGETCHOOSESINGLE@F11CSCICONTROL
  4A7080 AUTOCSETCHOOSESINGLE@F11CSCICONTROLl
  4A70C8 AUTOCSETFILLUPS@F11CSCICONTROLRsc
  4A7118 AUTOCGETCANCELATSTART@F11CSCICONTROL
  4A716C AUTOCSETCANCELATSTART@F11CSCICONTROLl
  4A71B4 AUTOCSELECT@F11CSCICONTROLRsc
  4A7204 AUTOCGETSEPARATOR@F11CSCICONTROL
  4A7258 AUTOCSETSEPARATOR@F11CSCICONTROLl
  4A72A0 AUTOCSTOPS@F11CSCICONTROLRsc
  4A72F0 AUTOCCOMPLETE@F11CSCICONTROL
  4A7334 AUTOCPOSSTART@F11CSCICONTROL
  4A7388 AUTOCACTIVE@F11CSCICONTROL
  4A73DC AUTOCCANCEL@F11CSCICONTROL
  4A7420 AUTOCSHOW@F11CSCICONTROLlRsc
  4A7474 STYLEGETCHANGEABLE@F11CSCICONTROLl
  4A74D4 STYLESETCHANGEABLE@F11CSCICONTROLll
  4A7520 SETCARETLINEBACK@F11CSCICONTROLl
  4A7568 GETCARETLINEBACK@F11CSCICONTROL
  4A75BC SETCARETLINEVISIBLE@F11CSCICONTROLl
  4A7604 GETCARETLINEVISIBLE@F11CSCICONTROL
  4A7658 GETMAXLINESTATE@F11CSCICONTROL
  4A76AC GETLINESTATE@F11CSCICONTROLl
  4A7704 SETLINESTATE@F11CSCICONTROLll
  4A7750 GETSTYLEBITS@F11CSCICONTROL
  4A77A4 SETSTYLEBITS@F11CSCICONTROLl
  4A77EC GETWHITESPACESIZE@F11CSCICONTROL
  4A7840 SETWHITESPACESIZE@F11CSCICONTROLl
  4A7888 SETWHITESPACEBACK@F11CSCICONTROLll
  4A78D4 SETWHITESPACEFORE@F11CSCICONTROLll
  4A7920 INDICGETUNDER@F11CSCICONTROLl
  4A7978 INDICSETUNDER@F11CSCICONTROLll
  4A79C4 INDICGETFORE@F11CSCICONTROLl
  4A7A1C INDICSETFORE@F11CSCICONTROLll
  4A7A68 INDICGETSTYLE@F11CSCICONTROLl
  4A7AC0 INDICSETSTYLE@F11CSCICONTROLll
  4A7B0C ENDUNDOACTION@F11CSCICONTROL
  4A7B50 BEGINUNDOACTION@F11CSCICONTROL
  4A7B94 SETWORDCHARS@F11CSCICONTROLRsc
  4A7BE4 SETCARETPERIOD@F11CSCICONTROLl
  4A7C2C GETCARETPERIOD@F11CSCICONTROL
  4A7C80 STYLEGETVISIBLE@F11CSCICONTROLl
  4A7CE0 STYLESETVISIBLE@F11CSCICONTROLll
  4A7D2C SETSTYLINGEX@F11CSCICONTROLlRsc
  4A7D80 CLEARALLCMDKEYS@F11CSCICONTROL
  4A7DC4 CLEARCMDKEY@F11CSCICONTROLl
  4A7E0C ASSIGNCMDKEY@F11CSCICONTROLll
  4A7E58 SETCARETFORE@F11CSCICONTROLl
  4A7EA0 SETSELEOLFILLED@F11CSCICONTROLl
  4A7EE8 GETSELEOLFILLED@F11CSCICONTROL
  4A7F44 SETSELALPHA@F11CSCICONTROLl
  4A7F8C GETSELALPHA@F11CSCICONTROL
  4A7FE8 SETSELBACK@F11CSCICONTROLll
  4A8034 SETSELFORE@F11CSCICONTROLll
  4A8080 STYLEGETHOTSPOT@F11CSCICONTROLl
  4A80E0 STYLESETHOTSPOT@F11CSCICONTROLll
  4A812C STYLEGETCHARACTERSET@F11CSCICONTROLl
  4A818C STYLESETCHARACTERSET@F11CSCICONTROLll
  4A81D8 STYLEGETWEIGHT@F11CSCICONTROLl
  4A8238 STYLESETWEIGHT@F11CSCICONTROLll
  4A8284 STYLEGETSIZEFRACTIONAL@F11CSCICONTROLl
  4A82E4 STYLESETSIZEFRACTIONAL@F11CSCICONTROLll
  4A8330 STYLEGETCASE@F11CSCICONTROLl
  4A8390 STYLESETCASE@F11CSCICONTROLll
  4A83DC STYLEGETUNDERLINE@F11CSCICONTROLl
  4A843C STYLESETUNDERLINE@F11CSCICONTROLll
  4A8488 STYLERESETDEFAULT@F11CSCICONTROL
  4A84CC STYLEGETEOLFILLED@F11CSCICONTROLl
  4A852C STYLESETEOLFILLED@F11CSCICONTROLll
  4A8578 STYLEGETFONT@F11CSCICONTROLlRsc
  4A85E4 STYLESETFONT@F11CSCICONTROLlRsc
  4A8638 STYLEGETSIZE@F11CSCICONTROLl
  4A8698 STYLESETSIZE@F11CSCICONTROLll
  4A86E4 STYLEGETITALIC@F11CSCICONTROLl
  4A8744 STYLESETITALIC@F11CSCICONTROLll
  4A8790 STYLEGETBOLD@F11CSCICONTROLl
  4A87F0 STYLESETBOLD@F11CSCICONTROLll
  4A883C STYLEGETBACK@F11CSCICONTROLl
  4A889C STYLESETBACK@F11CSCICONTROLll
  4A88E8 STYLEGETFORE@F11CSCICONTROLl
  4A8948 STYLESETFORE@F11CSCICONTROLll
  4A8994 STYLECLEARALL@F11CSCICONTROL
  4A89D8 GETMARGINCURSORN@F11CSCICONTROLl
  4A8A30 SETMARGINCURSORN@F11CSCICONTROLll
  4A8A7C GETMARGINSENSITIVEN@F11CSCICONTROLl
  4A8AD4 SETMARGINSENSITIVEN@F11CSCICONTROLll
  4A8B20 GETMARGINMASKN@F11CSCICONTROLl
  4A8B78 SETMARGINMASKN@F11CSCICONTROLll
  4A8BC4 GETMARGINWIDTHN@F11CSCICONTROLl
  4A8C1C SETMARGINWIDTHN@F11CSCICONTROLll
  4A8C68 GETMARGINTYPEN@F11CSCICONTROLl
  4A8CC0 SETMARGINTYPEN@F11CSCICONTROLll
  4A8D0C MARKERSETALPHA@F11CSCICONTROLll
  4A8D58 MARKERADDSET@F11CSCICONTROLll
  4A8DA4 MARKERDEFINEPIXMAP@F11CSCICONTROLll
  4A8DF0 MARKERPREVIOUS@F11CSCICONTROLll
  4A8E4C MARKERNEXT@F11CSCICONTROLll
  4A8EA8 MARKERGET@F11CSCICONTROLl
  4A8F00 MARKERDELETEALL@F11CSCICONTROLl
  4A8F48 MARKERDELETE@F11CSCICONTROLll
  4A8F94 MARKERADD@F11CSCICONTROLll
  4A8FF0 MARKERENABLEHIGHLIGHT@F11CSCICONTROLl
  4A9038 MARKERSETBACKSELECTED@F11CSCICONTROLll
  4A9084 MARKERSETBACK@F11CSCICONTROLll
  4A90D0 MARKERSETFORE@F11CSCICONTROLll
  4A911C MARKERDEFINE@F11CSCICONTROLll
  4A9168 SETUSEPALETTE@F11CSCICONTROLl
  4A91B0 SETCODEPAGE@F11CSCICONTROLl
  4A91F8 GETTABWIDTH@F11CSCICONTROL
  4A924C SETTABWIDTH@F11CSCICONTROLl
  4A9294 SETBUFFEREDDRAW@F11CSCICONTROLl
  4A92DC GETBUFFEREDDRAW@F11CSCICONTROL
  4A9330 SETSTYLING@F11CSCICONTROLll
  4A937C STARTSTYLING@F11CSCICONTROLll
  4A93C8 SETEOLMODE@F11CSCICONTROLl
  4A9410 GETEOLMODE@F11CSCICONTROL
  4A9464 CONVERTEOLS@F11CSCICONTROLl
  4A94AC GETENDSTYLED@F11CSCICONTROL
  4A9500 GETCURLINE@F11CSCICONTROLlRsc
  4A9564 SETANCHOR@F11CSCICONTROLl
  4A95AC GOTOPOS@F11CSCICONTROLl
  4A95F4 GOTOLINE@F11CSCICONTROLl
  4A963C POSITIONFROMPOINTCLOSE@F11CSCICONTROLll
  4A9698 POSITIONFROMPOINT@F11CSCICONTROLll
  4A96F4 SETVIEWWS@F11CSCICONTROLl
  4A973C GETVIEWWS@F11CSCICONTROL
  4A9790 GETUNDOCOLLECTION@F11CSCICONTROL
  4A97E4 MARKERDELETEHANDLE@F11CSCICONTROLl
  4A982C MARKERLINEFROMHANDLE@F11CSCICONTROLl
  4A9884 CANREDO@F11CSCICONTROL
  4A98D8 GETSTYLEDTEXT@F11CSCICONTROL13SCI_TEXTRANGE
  4A9930 SETSAVEPOINT@F11CSCICONTROL
  4A9974 SELECTALL@F11CSCICONTROL
  4A99B8 SETUNDOCOLLECTION@F11CSCICONTROLl
  4A9A00 REDO@F11CSCICONTROL
  4A9A44 GETSTYLEAT@F11CSCICONTROLl
  4A9A9C GETANCHOR@F11CSCICONTROL
  4A9AF0 GETCURRENTPOS@F11CSCICONTROL
  4A9B44 GETCHARAT@F11CSCICONTROLl
  4A9B9C GETLENGTH@F11CSCICONTROL
  4A9BF0 CLEARDOCUMENTSTYLE@F11CSCICONTROL
  4A9C34 CLEARALL@F11CSCICONTROL
  4A9C78 INSERTTEXT@F11CSCICONTROLlRsc
  4A9CCC ADDSTYLEDTEXT@F11CSCICONTROLlRsc
  4A9D20 ADDTEXT@F11CSCICONTROLlRsc
  4A9D74 TAKEALERTKEY@F11CSCICONTROL
  4A9DA8 TAKESIZED@F11CSCICONTROL
  4A9DF0 TAKEGAINFOCUS@F11CSCICONTROL
  4A9E38 TAKEOPENWINDOW@F11CSCICONTROL
  4AA07C SETCONTEXTMENUEVENT@F11CSCICONTROLl
  4AA0B4 GETCONTEXTMENUEVENT@F11CSCICONTROL
  4AA0F0 SETHIDE@F11CSCICONTROLl
  4AA150 GETHIDE@F11CSCICONTROL
  4AA18C GETWINDOWHANDLE@F11CSCICONTROL
  4AA1C8 INIT@F11CSCICONTROLBwlll
  4AA4CC DESTRUCT@F11CSCICONTROL
  4AA50C CONSTRUCT@F11CSCICONTROL
  4AAAD8 GETPRINTERDEVICE@FRscRlRl
  4AAF9C ENUMPRINTERS@FBqRsc
  4AB128 GETMAXIMUM@Fll
  4AB160 UPDATEWINDOW@F10CSCIVIEWER
  4AB188 UPDATE@F10CSCIVIEWER
  4AB1B0 TAKEEVENT@F10CSCIVIEWER
  4AB39C SETALERTS@F10CSCIVIEWER
  4AB580 RESETREQUIRED@F10CSCIVIEWER
  4AB5AC RESET@F10CSCIVIEWERUc
  4AB5DC KILL@F10CSCIVIEWER
  4AB6C0 ONPRINT@F10CSCIVIEWERl
  4ACD48 BOOKMARKNEXT@F10CSCIVIEWERll
  4ACF4C BOOKMARKTOGGLE@F10CSCIVIEWERl
  4ACFC4 BOOKMARKPRESENT@F10CSCIVIEWERl
  4AD020 BOOKMARKDELETE@F10CSCIVIEWERl
  4AD08C BOOKMARKADD@F10CSCIVIEWERl
  4AD104 GETCURRENTLINENUMBER@F10CSCIVIEWER
  4AD140 GETSELECTION@F10CSCIVIEWER18SCI_CHARACTERRANGE
  4AD190 SETTYPEFACE@F10CSCIVIEWERRsb
  4AD1E8 FINDWINDOWTAKEOPENWINDOW@F10CSCIVIEWER
  4AD208 FINDWINDOWTAKECLOSEWINDOW@F10CSCIVIEWER
  4AD228 SETFINDWHAT@F10CSCIVIEWERRsc
  4AD280 GETFINDWHAT@F10CSCIVIEWER
  4AD2BC SETFINDGROUP@F10CSCIVIEWER7FINDGRP
  4AD308 GETFINDGROUP@F10CSCIVIEWER
  4AD348 EXPAND@F10CSCIVIEWERRlllll
  4AD520 FOLDALL@F10CSCIVIEWER
  4AD704 FOLDMARGIN@F10CSCIVIEWER
  4AD86C SETCOLORS@F10CSCIVIEWER14COLORGROUPTYPE
  4ADDAC PRINTASK@F10CSCIVIEWER
  4AE128 SEARCHNEXT@F10CSCIVIEWER7FINDGRP
  4AE22C SEARCHASK@F10CSCIVIEWERl11TAGHTMLHELP
  4AEA78 SEARCHASK@F10CSCIVIEWERl
  4AEABC SEARCHASK@F10CSCIVIEWER
  4AEAFC TAKECONTEXTMENU@F10CSCIVIEWER
  4AEC98 GOTOLINE@F10CSCIVIEWERl
  4AED20 ASKGOTOLINE@F10CSCIVIEWER
  4AEE48 SETDEFAULTS@F10CSCIVIEWER
  4AF1C4 SETDEFAULTFONT@F10CSCIVIEWERRscl
  4AF268 SETDEFAULTMONOFONT@F10CSCIVIEWER
  4AF2C0 SETCLARIONLEXER@F10CSCIVIEWER
  4AF460 SETTEXTLEXER@F10CSCIVIEWER
  4AF4A0 SETLEXERTYPE@F10CSCIVIEWERsb
  4AF6C8 SETBUFFER@F10CSCIVIEWER
  4AF758 CLEARBUFFER@F10CSCIVIEWER
  4AF7CC OPENFILE@F10CSCIVIEWERRsc
  4AFA8C INIT@F10CSCIVIEWERBwlll
  4AFE40 GETDIR_@_ISYSTEMFOLDER_@_CSIDLFOLDER@F13ISYSTEMFOLDERl
  4AFEB4 CREATEDIRIN_@_ISYSTEMFOLDER_@_CSIDLFOLDER@F13ISYSTEMFOLDERlRsc
  4AFFF0 CREATEDIR_@_ISYSTEMFOLDER_@_CSIDLFOLDER@F13ISYSTEMFOLDERRsc
  4B0098 GETERROR_@_ISYSTEMFOLDER_@_CSIDLFOLDER@F13ISYSTEMFOLDER
  4B00BC CONSTRUCT@F11CSIDLFOLDER
  4B00DC DESTRUCT@F15CRITICALSECTION
  4B0110 CONSTRUCT@F15CRITICALSECTION
  4B0140 KILL@F17CRITICALPROCEDURE
  4B0188 INIT@F17CRITICALPROCEDURE11ISYNCOBJECT
  4B01D4 DESTRUCT@F17CRITICALPROCEDURE
  4B01FC CONSTRUCT@F17CRITICALPROCEDURE
  4B0224 BEGINUNIQUE@Fsb
  4B15AC __thr_inst0
  4B15BC __sta_init_entry
  4B1628 __sta_init_exit
  4B1668 __thr_init_entry
  4B1688 __thr_init_exit
  4B1690 VALIDATELINE@F17KCRASCIIFILECLASSsb
  4B16C8 GETPERCENTILE@F17KCRASCIIFILECLASSl
  4B1780 GETLINE@F17KCRASCIIFILECLASSl
  4B1844 GETDOSFILENAME@F17KCRASCIIFILECLASSRsb
  4B1934 FORMATLINE@F17KCRASCIIFILECLASSRsbl
  4B197C FORMATLINE@F17KCRASCIIFILECLASSRsb
  4B19AC SETSEQUENCE@F17KCRASCIIFILECLASS
  4B1A3C IDXEXTEND@F17KCRASCIIFILECLASSl
  4B1AC0 ADDRECORD@F17KCRASCIIFILECLASS
  4B1B54 SETTHUMB@F19KCRASCIIVIEWERCLASS
  4B1BC4 SETLISTBOXSELECTION@F19KCRASCIIVIEWERCLASSl
  4B1C7C SETLINE@F19KCRASCIIVIEWERCLASSl
  4B1CDC SETDISPLAYQUEUESTYLE@F19KCRASCIIVIEWERCLASSlRl
  4B1D0C DISPLAYPAGE@F19KCRASCIIVIEWERCLASSllUs
  4B1E04 DISPLAYPAGE@F19KCRASCIIVIEWERCLASSl
  4B1F04 INIT@F12QUEUEWRAPPERBqUc
  4B20E0 STARTITERATE@F12QUEUEWRAPPER
  4B2108 CLEARBUFFER@F12QUEUEWRAPPER
  4B2144 ADDROW@F12QUEUEWRAPPER
  4B2184 GETNEXTROW@F12QUEUEWRAPPER
  4B21F0 GETCAPACITY@F12QUEUEWRAPPER
  4B2214 DESTRUCT@F12QUEUEWRAPPER
  4B2258 CONSTRUCT@F12QUEUEWRAPPER
  4B22B0 _GetXPMData
  4B230C _CallSciMsgProc@FPFllll_lllll
  4B2358 DESTRUCT@F13SPECIALFOLDER
  4B238C CONSTRUCT@F13SPECIALFOLDER
  4B23E0 CREATEDIRIN@F13SPECIALFOLDERlsb
  4B2468 GETDIR@F13SPECIALFOLDERlsb
  4B2504 GETDIR@F13SPECIALFOLDERl
  4B2544 CallDllGetVersion
  4B2564 SETCURRENTVALUE@F13STRUCTWRAPPERsb
  4B26DC GETCURRENTVALUE@F13STRUCTWRAPPER
  4B27D8 BUILD@F13STRUCTWRAPPER
  4B27F8 GETROOTTAGNAME@F13STRUCTWRAPPER
  4B284C GETROWTAGNAME@F13STRUCTWRAPPER
  4B28A0 REMOVEPROPERTYSET@F13STRUCTWRAPPERl
  4B28C8 ADDPROPERTYSET@F13STRUCTWRAPPERsb11PROPERTYSET
  4B2904 GETPROPERTYSET@F13STRUCTWRAPPERlRsb
  4B2944 GETPROPERTYSETSCOUNT@F13STRUCTWRAPPER
  4B2968 LOADPROPERTIES@F13STRUCTWRAPPER
  4B2988 ISROWPOSCHANGED@F13STRUCTWRAPPER
  4B29A8 UPDATEROWPOS@F13STRUCTWRAPPER
  4B29C8 GETNEXTSIBLING@F13STRUCTWRAPPER
  4B29EC GETPARENT@F13STRUCTWRAPPER
  4B2A10 GETFIRSTCHILD@F13STRUCTWRAPPER
  4B2A34 ISMAPPINGENABLED@F13STRUCTWRAPPER
  4B2A58 FIXPREFIX@F13STRUCTWRAPPERsbUc
  4B2B48 GETFIELDSIZE@F13STRUCTWRAPPERlRlRl
  4B2BF4 GETFIELDTYPE@F13STRUCTWRAPPERl
  4B2C7C GETXMLFIELDLABEL@F13STRUCTWRAPPERl
  4B2D28 SETFIELDVALUEBYXMLNAME@F13STRUCTWRAPPERsbsb
  4B2E6C GETFIELDVALUEBYXMLNAME@F13STRUCTWRAPPERsb
  4B2F7C SETFIELDVALUEBYNAME@F13STRUCTWRAPPERsbsb
  4B3034 GETFIELDVALUEBYNAME@F13STRUCTWRAPPERsb
  4B30D4 FINDFIELDBYXMLNAME@F13STRUCTWRAPPERsb
  4B3188 FINDFIELDBYNAME@F13STRUCTWRAPPERsb
  4B327C GETXMLFIELDFORMATBYINDEX@F13STRUCTWRAPPERlRl
  4B337C SETFIELDVALUEBYINDEX@F13STRUCTWRAPPERlsb
  4B3430 GETFIELDVALUEBYINDEX@F13STRUCTWRAPPERl
  4B34CC GETFIELDSCOUNT@F13STRUCTWRAPPER
  4B3520 KILL@F13STRUCTWRAPPER
  4B35D8 DESTRUCT@F13STRUCTWRAPPER
  4B365C CONSTRUCT@F13STRUCTWRAPPER
  4B36C8 ADDROW@F11XMLEXCHANGE13STRUCTWRAPPER7ELEMENTRUc
  4B3858 CREATECHILDELEMS@F11XMLEXCHANGE9XMLHRELEM7ELEMENT
  4B39B4 TOXMLTREE@F11XMLEXCHANGE12XMLHRMANAGERlRUc
  4B3B50 SETLASTADDED@F11XMLEXCHANGE7ELEMENT
  4B3B84 SETSPECATTR@F11XMLEXCHANGE
  4B3CC8 SETATTR@F11XMLEXCHANGEsbsb
  4B3DB8 SETVERSION@F11XMLEXCHANGEOsb
  4B3E3C SETNAMESPACE@F11XMLEXCHANGE
  4B3EA0 SETSCHEMA@F11XMLEXCHANGEsb
  4B3F64 SETROOTASCURRENT@F11XMLEXCHANGE
  4B3FB8 GETDOCUMENT@F11XMLEXCHANGE
  4B3FE0 GETROWTAGNAME@F11XMLEXCHANGE
  4B4054 GETROOTTAGNAME@F11XMLEXCHANGE
  4B40B8 SETENCODING@F11XMLEXCHANGEsb
  4B4104 GETNAVIGATOR@F11XMLEXCHANGE
  4B418C GETNODE@F11XMLEXCHANGE
  4B41B4 SETNODE@F11XMLEXCHANGE7ELEMENT
  4B41E8 TOXML@F11XMLEXCHANGE13STRUCTWRAPPEROsbUc
  4B48F0 SAVEAS@F11XMLEXCHANGEsb
  4B4980 CLOSE@F11XMLEXCHANGE
  4B4A4C CREATEXML@F11XMLEXCHANGEOsb
  4B4AEC DESTRUCT@F11XMLEXCHANGE
  4B4B5C CONSTRUCT@F11XMLEXCHANGE
  4B4C6C TRANSLATENAME@F10XMLNAMEMAPsbUc
  4B4D7C FORMATVALUE@F10XMLNAMEMAPsbsbUc
  4B4F14 GETROOTTAGNAME@F10XMLNAMEMAP
  4B4F78 GETROWTAGNAME@F10XMLNAMEMAP
  4B4FE0 DESTRUCT@F10XMLNAMEMAP
  4B5014 CONSTRUCT@F10XMLNAMEMAP
  4B5044 GOTOROOT@F12XMLNAVIGATOR
  4B50B0 SETXMLEXCHANGENODE@F12XMLNAVIGATOR
  4B50F8 GETXMLEXCHANGENODE@F12XMLNAVIGATOR
  4B5144 INIT@F12XMLNAVIGATOR11XMLEXCHANGE
  4B5174 CONSTRUCT@F12XMLNAVIGATOR
  4B51A8 GETROWTAGNAME@F9XMLSCHEMA
  4B5268 SETROWTAGNAME@F9XMLSCHEMAsb
  4B5364 GETROOTTAGNAME@F9XMLSCHEMA
  4B53C8 SETROOTTAGNAME@F9XMLSCHEMAsb
  4B54C0 SETENCODING@F9XMLSCHEMAsb
  4B550C GETSTYLE@F9XMLSCHEMA
  4B5530 SETSTYLE@F9XMLSCHEMAl
  4B5560 CLOSE@F9XMLSCHEMA
  4B55C0 CREATESCHEMA@F9XMLSCHEMA13STRUCTWRAPPER
  4B5754 DESTRUCT@F9XMLSCHEMA
  4B57A4 CONSTRUCT@F9XMLSCHEMA
  4B585C SETPREFIXES@F9XMLSCHEMA
  4B5B10 SETPOSITIONS@F9XMLSCHEMA
  4B5EA8 FILLTYPES@F9XMLSCHEMA
  4B66E4 ADDPROPERTYSET@F9XMLSCHEMAsb11PROPERTYSET
  4B6908 ADDFIELD@F9XMLSCHEMAsblll
  4B6EFC CREATESKELETON@F9XMLSCHEMA
  4B73F4 ELEMS@F12XMLHRMANAGER
  4B742C GETELEM@F12XMLHRMANAGERl
  4B7494 LOWCHANGEIDX@F12XMLHRMANAGER
  4B7500 INIT@F12XMLHRMANAGER13STRUCTWRAPPER9XMLHRELEM
  4B7618 DESTRUCT@F12XMLHRMANAGER
  4B766C CONSTRUCT@F12XMLHRMANAGER
  4B769C GETNAME@F9XMLHRELEM
  4B76EC CLEARCHANGEDFLG@F9XMLHRELEM
  4B7728 ISROWCHANGED@F9XMLHRELEM
  4B7768 CLOSE@F9XMLHRELEM
  4B7798 ISOPENED@F9XMLHRELEM
  4B77C4 CONSTRUCT@F9XMLHRELEM
  4B8000 $DEFAULTERRORS
  4B9D78 TYPE$INCREMENTALLOCATORCLASS
  4B9DD4 VMT$INCREMENTALLOCATORCLASS
  4C6778 P1$TCB$KNOWNCOLOR
  4C67E4 TYPE$EXTRAMODULEQ
  4C683C TYPE$MODULEQ
  4C68B0 TYPE$CLASSQ
  4C69BC TYPE$CLASSNAMEQ
  4C6A14 TYPE$PROPERTYQ
  4C6AE0 TYPE$METHODQ
  4C6C4C TYPE$STRUCTNAMEQ
  4C6C84 TYPE$STRUCTUREQ
  4C6D48 TYPE$ENUMNAMEQ
  4C6D74 TYPE$ENUMQ
  4C6E4C TYPE$TREEQ
  4C6FB0 TYPE$CALLQ
  4C7004 TYPE$CALLNAMEQ
  4C7088 TYPE$EQUATEQ
  4C70FC TYPE$NOTEQ
  4C7148 TYPE$CATEGORYQ
  4C71A4 TYPE$OLDCLASSQ
  4C71CC TYPE$OLDMETHODQ
  4C722C TYPE$OLDPROPERTYQ
  4C7294 TYPE$INCTEMPLATEQ
  4C72D4 TYPE$CLWTEMPLATEQ
  4C7314 TYPE$TPLTEMPLATEQ
  4C7354 TYPE$FAVORITESQ
  4C73BC TYPE$REDIRECTIONQUEUE
  4C7400 TYPE$CLASSHIERARCHYQUEUE
  4C7424 TYPE$GLO:VERSIONQ
  4C74DC TYPE$GLO:STRUCTUREQCOPY
  4C7570 TCB$GLO:STRUCTUREQCOPY
  4C7580 TCB$GLO:VERSIONQ
  4C7590 TCB$CLASSHIERARCHYQUEUE
  4C75A0 TCB$REDIRECTIONQUEUE
  4C75B0 TCB$FAVORITESQ
  4C75C0 TCB$TPLTEMPLATEQ
  4C75D0 TCB$CLWTEMPLATEQ
  4C75E0 TCB$INCTEMPLATEQ
  4C75F0 TCB$OLDPROPERTYQ
  4C7600 TCB$OLDMETHODQ
  4C7610 TCB$OLDCLASSQ
  4C7620 TCB$CATEGORYQ
  4C7630 TCB$NOTEQ
  4C7640 TCB$EQUATEQ
  4C7650 TCB$CALLNAMEQ
  4C7660 TCB$CALLQ
  4C7670 TCB$TREEQ
  4C7680 TCB$ENUMQ
  4C7690 TCB$ENUMNAMEQ
  4C76A0 TCB$STRUCTUREQ
  4C76B0 TCB$STRUCTNAMEQ
  4C76C0 TCB$METHODQ
  4C76D0 TCB$PROPERTYQ
  4C76E0 TCB$CLASSNAMEQ
  4C76F0 TCB$CLASSQ
  4C7700 TCB$MODULEQ
  4C7710 TCB$EXTRAMODULEQ
  4C7720 TYPE$FILENAMEQ
  4C7740 TYPE$SOURCELINEQ
  4C77B4 TYPE$LINECOMMENTQ
  4C77F8 TYPE$DOTENDQ
  4C782C TYPE$DICTIONARY
  4C783C VMT$DICTIONARY
  4C7848 SOURCEFILE$TYPE$ASC:RECORD
  4C7864 TYPE$REDIRECTIONQUEUETYPE
  4C7888 $GLO:CATEGORYDROPCOUNT
  4C788C $GLO:BACKGROUND
  4C7890 $GLO:BSHOWTIPS
  4C7894 $GLO:BABCONLY
  4C7898 $GLO:BCLARIONVERSION
  4C789C $GLO:LSELECTEDBACK
  4C78A0 $GLO:LVIRTUALCOLOR
  4C78A4 $GLO:LPROTECTEDCOLOR
  4C78A8 $GLO:LPRIVATECOLOR
  4C78AC $GLO:BCURRENTVIEW
  4C78B0 $GLO:VERSION
  4C78C0 TYPE$QEIP:ERRORS
  4C78DC $QEIP:ERRORS
  4C796C TYPE$COLORGROUPTYPE
  4C7A0C TYPE$LOGBRUSH
  4C7A38 TYPE$RECT
  4C7A64 TYPE$MENUINFO
  4C7B0C TYPE$COLORMAP
  4C7B38 TCB$COLORMAP
  4C7B48 TYPE$EDITENTRYCLASS
  4C7B90 VMT$EDITENTRYCLASS
  4C7E64 STDERRORFILE$TYPE$RECORD
  4C7E7C $STDERRORFILE
  4C7EF8 TYPE$PNQ
  4C7F18 TYPE$DEFAULTERRORS
  4C8198 TYPE$HISTHANDLERCLASS
  4C81E0 VMT$HISTHANDLERCLASS
  4C8210 TYPE$MSGBOXCLASS
  4C8488 VMT$MSGBOXCLASS
  4C8514 TYPE$ERRORCLASS
  4C8780 VMT$ERRORCLASS
  4C87D0 TYPE$STANDARDERRORLOGCLASS
  4C8808 VMT$STANDARDERRORLOGCLASS
  4C8820 TYPE$ERRORSTATUSCLASS
  4C8928 VMT$ERRORSTATUSCLASS
  4C898C TYPE$UNTHREADEDFILEOPENERMAP
  4C89B0 TCB$UNTHREADEDFILEOPENERMAP
  4C89C0 TYPE$FILESMANAGER
  4C8A04 VMT$FILESMANAGER
  4C8A10 TYPE$FILEMAPPING_T
  4C8A3C TYPE$FILEMAPPING_R
  4C8A6C TYPE$STATUSQ_T
  4C8AD4 TYPE$FUZZYCLASS
  4C8B7C VMT$FUZZYCLASS
  4C8CB0 TYPE$POPUPITEMQUEUE
  4C8D20 TYPE$POPUPCLASS
  4C8DCC VMT$POPUPCLASS
  4C8F00 TYPE$PAGEMANAGERCLASS
  4C8FB8 VMT$PAGEMANAGERCLASS
  4C8FC4 TYPE$ZOOMITEMQUEUE
  4C8FFC $ZOOMPRESETS
  4C90DC TYPE$PRINTPREVIEWCLASS
  4C9744 VMT$PRINTPREVIEWCLASS
  4C99C0 TYPE$WINDOWRESIZECLASS
  4C9CBC TYPE$TOOLBARTARGETQUEUE
  4C9CD8 TYPE$TOOLBARCLASS
  4C9CF0 VMT$TOOLBARCLASS
  4C9DEC TYPE$CONSTDESCRIPTORLIST
  4C9E14 TYPE$CONSTANTCLASS
  4C9EB4 VMT$CONSTANTCLASS
  4C9EC0 TYPE$SELECTFILECLASS
  4C9F4C VMT$SELECTFILECLASS
  4C9F58 TYPE$INICLASS
  4C9FA0 VMT$INICLASS
  4CA02C TYPE$FIELDPAIRSCLASS
  4CA044 VMT$FIELDPAIRSCLASS
  4CA084 TYPE$BUTTONLIST
  4CA0A8 TYPE$COMPONENTLIST
  4CA1C8 WMFINFILE$TYPE$WMFF@:RECORD
  4CA1E8 TYPE$QUEUEDC
  4CA24C TYPE$QUEUEHOLES
  4CA260 TYPE$QUEUEBRUSH
  4CA28C TYPE$QUEUEPENS
  4CA2B8 TYPE$QUEUEFONTS
  4CA300 TYPE$QUEUEOBJECTS
  4CA31C TYPE$WMFPARSER
  4CAE34 VMT$WMFPARSER
  4CB330 TYPE$TOOLTIPCLASS
  4CB3A4 VMT$TOOLTIPCLASS
  4CB464 $ENCODE
  4CB4A8 $CS:ZROW
  4CB4AC $CS:TABLE
  4CB4B4 TYPE$CSTRINGCLASS
  4CB4CC VMT$CSTRINGCLASS
  4CB514 TYPE$SUBCLASSEDCLIENT
  4CB558 TYPE$SUBCLASSED
  4CB8CC TYPE$CSCIVIEWER
  4CC82C TYPE$CSIDLFOLDER
  4CC858 VMT$CSIDLFOLDER
  4CC874 TYPE$CRITICALSECTION
  4CC88C VMT$CRITICALSECTION
  4CC898 TYPE$CRITICALPROCEDURE
  4CC8B0 VMT$CRITICALPROCEDURE
  4CC9B4 TYPE$KCRASCIIVIEWERCLASS
  4CCB14 VMT$KCRASCIIVIEWERCLASS
  4CCB38 TYPE$QUEUEWRAPPER
  4CCBB0 VMT$QUEUEWRAPPER
  4CD874 TYPE$SPECIALFOLDER
  4CD8B0 VMT$SPECIALFOLDER
  4CD984 $CS:ADO_NET
  4CD990 $CS:ADO_26
  4CD99C $CS:ATTRSTYLE
  4CD9A4 $CS:ATTRTIME
  4CD9B0 $CS:ATTRVER
  4CD9C4 $CS:VERSION
  4CD9C8 $CS:SCHEMA
  4CD9E8 $CS:XSIVAL
  4CDA18 $CS:XSI
  4CDA24 TYPE$XMLEXCHANGE
  4CDB10 VMT$XMLEXCHANGE
  4CDB20 TYPE$XMLNAMEMAP
  4CDB60 VMT$XMLNAMEMAP
  4CDBB4 TYPE$XMLNAVIGATOR
  4CDBDC VMT$XMLNAVIGATOR
  4CDE28 $CS:CXPREFIX
  4CDE2C $CS:CXNS
  4CDE54 $CS:CX
  4CDE60 $CS:XSDNS
  4CDE84 $CS:XSD
  4CDE90 TYPE$XMLSCHEMA
  4CDF40 VMT$XMLSCHEMA
  4CDFCC TYPE$XMLHRMANAGER
  4CDFE4 VMT$XMLHRMANAGER
  4CDFF0 TYPE$XMLHRELEM
  4CE028 VMT$XMLHRELEM
  4CECE4 VMTP$DICTIONARY
  4CEDEC VMTP$FILESMANAGER
  4CEDF4 VMTP$CONSTANTCLASS
  4CEDFC VMTP$SELECTFILECLASS
  4CEE04 VMTP$INICLASS
  4CEE0C VMTP$FIELDPAIRSCLASS
  4CEE14 VMTP$POPUPCLASS
  4CEE1C VMTP$TOOLBARCLASS
  4CEE24 VMTP$EDITENTRYCLASS
  4CEE2C VMTP$INCREMENTALLOCATORCLASS
  4CEE34 VMTP$HISTHANDLERCLASS
  4CEE3C VMTP$MSGBOXCLASS
  4CEE44 VMTP$ERRORCLASS
  4CEE4C VMTP$STANDARDERRORLOGCLASS
  4CEE54 VMTP$ERRORSTATUSCLASS
  4CEE5C VMTP$CSIDLFOLDER
  4CEE64 VMTP$SPECIALFOLDER
  4CEE6C VMTP$FUZZYCLASS
  4CEE74 VMTP$WMFPARSER
  4CEE7C VMTP$PAGEMANAGERCLASS
  4CEE84 VMTP$PRINTPREVIEWCLASS
  4CEE8C VMTP$KCRASCIIVIEWERCLASS
  4CEE94 VMTP$CSTRINGCLASS
  4CEE9C VMTP$QUEUEWRAPPER
  4CEEA4 VMTP$XMLNAMEMAP
  4CEEAC VMTP$XMLHRMANAGER
  4CEEB4 VMTP$XMLHRELEM
  4CEEBC VMTP$XMLEXCHANGE
  4CEEC4 VMTP$XMLNAVIGATOR
  4CEECC VMTP$XMLSCHEMA
  4CEED4 VMTP$TOOLTIPCLASS
  4CEEDC VMTP$CRITICALSECTION
  4CEEE4 VMTP$CRITICALPROCEDURE
  4CEEF0 $FUZZYMATCHER
  4D0514 $GLO:VIEWERSTYLES
  4D135C ABCVIEW061$HWNDCLARION
  4D1560 P1$KNOWNCOLOR
  4D1588 $XMLNAMEMAP
  4D1794 $GLO:TYPEFACE
  4D17B4 $GLO:SCURRENTCURSOR
  4D17B8 $EXTRAMODULEQ
  4D18FC $MODULEQ
  4D1A48 $CLASSQ
  4D1B5C $CLASSNAMEQ
  4D1BE0 $PROPERTYQ
  4D1CAC $METHODQ
  4D1EE8 $STRUCTNAMEQ
  4D1F68 $STRUCTUREQ
  4D2074 $ENUMNAMEQ
  4D20F4 $ENUMQ
  4D2300 $TREEQ
  4D2A24 $CALLQ
  4D2AA8 $CALLNAMEQ
  4D2B34 $EQUATEQ
  4D2C80 $NOTEQ
  4D3604 $CATEGORYQ
  4D3688 $OLDCLASSQ
  4D36C8 $OLDMETHODQ
  4D3848 $OLDPROPERTYQ
  4D39C8 $INCTEMPLATEQ
  4D3B08 $CLWTEMPLATEQ
  4D3C48 $TPLTEMPLATEQ
  4D3D88 $FAVORITESQ
  4D3ECC $REDIRECTIONQUEUE
  4D3FF0 $GLO:IQERRORMESSAGETEXT
  4D4070 $CLASSHIERARCHYQUEUE
  4D40B0 $GLO:VERSIONQ
  4D48D8 $GLO:STRUCTUREQCOPY
  4D49E4 $GLOBALERRORS
  4D4A18 $INIMGR
  4D4B30 $SVSPECIALFOLDER
  4D4B3C KEYS$SOURCEFILE
  4D4C3C $SZCLASSSORT
  4D4CBC $GLO:LAYOUT
  4D4CC0 $GLO:BMAXMRU
  4D4CC4 $GLO:BSHOWSPARSETREES
  4D4CC8 $GLO:BENUMSORT
  4D4CCC $GLO:SZXMLSTYLESHEET
  4D4DCC $GLO:BUSEHTMLHELP
  4D4DD0 $GLO:BAUTOEXPAND
  4D4DD4 $GLO:SZPARENTCLASSNAME
  4D4E14 $GLO:BDETAILLEVEL
  4D4E18 $GLO:SZCATEGORYCHOICE
  4D4E58 $GLO:SZCATEGORY
  4D4E98 $GLO:LLINENUM
  4D4E9C $GLO:FONTSTYLE
  4D4EA0 $GLO:FONTCOLOR
  4D4EA4 $GLO:FONTSIZE
  4D4EA8 $GLO:TILED2
  4D4EAC $GLO:TILED1
  4D4EB0 $GLO:SZWALLPAPER2
  4D4FB0 $GLO:SZWALLPAPER1
  4D50B0 $GLO:COLOR2
  4D50B4 $GLO:COLOR1
  4D50B8 $GLO:SZEDITORCOMMAND
  4D51B8 $GLO:BUSEASSOCIATION
  4D51BC $GLO:BFORCEEDIT
  4D51C0 $GLO:BOPAQUECHECKBOX
  4D51C4 $GLO:BSHOWPROTECTED
  4D51C8 $GLO:BSHOWPRIVATE
  4D51CC $GLO:BSHOWMODULE
  4D51D0 $GLO:LHYPERLINKCOLOR
  4D51D4 $GLO:LHIGHLIGHTCOLOR2
  4D51D8 $GLO:LHIGHLIGHTCOLOR1
  4D51DC $GLO:LNOTECOLOR
  4D51E0 $GLO:LSELECTEDFORE
  4D51E4 $GLO:LMODULECOLOR
  4D51E8 $GLO:BREFRESHALL
  4D51EC $GLO:LLOADINGTHREAD
  4D51F0 $GLO:LMAINTHREAD
  4D51F4 $GLO:HWND_MAIN
  4D51F8 $COLORMAP
  4D5230 $MULTIWINDOW
  4D5234 $TXTWINDOW
  4D5238 $WINDOW
  4D523C STDERRORFILE$RECORD
  4D563C $UNTHREADEDFILEOPENERMAP
  4D5644 $CREATEOPENERCRIT
  4D5754 KEYS$WMFINFILE
  4D8008 TCB$FILENAMEQ
  4D8018 TCB$SOURCELINEQ
  4D8028 TCB$LINECOMMENTQ
  4D8038 TCB$DOTENDQ
  4D8048 $SOURCEFILE
  4D85DC $WMFINFILE
  4D8630 TCB$SUBCLASSEDCLIENT
  4D8640 TCB$SUBCLASSED
  4D8750 $FILENAMEQ
  4D8854 $SOURCELINEQ
  4D8F60 $LINECOMMENTQ
  4D946C $DOTENDQ
  4D9574 $GLOBALERRORSTATUS
  4DA998 $GLOBALREQUEST
  4DA99C $GLOBALRESPONSE
  4DA9A0 $VCRREQUEST
  4DA9A4 $DICTIONARY
  4DA9A8 $SZASCIIFILENAME
  4DAAA8 SOURCEFILE$ASC:RECORD
  4DAEA8 $GLO:SZCURRENTDIR
  4DAFA8 $GLO:SZREDFILEPATH
  4DB0A8 $SZROOT
  4DB4B8 ABCVIEW007$TREELIST::ORIGWNDPROC
  4DB4BC ABCVIEW007$LOC:SZEDITORCOMMAND::ORIGWNDPROC
  4E3EF0 ABCVIEW030$LIST::ORIGWNDPROC
  4E3EF4 ABCVIEW033$LIST::ORIGWNDPROC
  4E5E48 ABCVIEW046$LIST::ORIGWNDPROC
  4E5E4C ABCVIEW049$LIST::ORIGWNDPROC
  4E5E50 ABCVIEW053$LIST::ORIGWNDPROC
  4E6D8C $FILESMANAGER
  4E6DA4 $SZDBTEXTLOG
  4E7698 WMFINFILE$WMFF@:RECORD
  4E8A20 $CPXMLLASTERRORCODE
  4E8A24 $SUBCLASSEDCLIENT
  4E8A2C $SUBCLASSED
  4E8A34 $ORIGWINDOWPROC
  4E8A38 $ORIGCLIENTWNDPROC
  4E8A3C $FINDGROUP
  509000 __import_section_start
  50C0C8 __import_section_end

Imports
ADVAPI32.dll:RegCloseKey 509168,401000
ADVAPI32.dll:RegEnumKeyExA 50916C,401008
ADVAPI32.dll:RegOpenKeyExA 509170,401010
ADVAPI32.dll:RegQueryValueExA 509174,401018
ClaASC.dll:ASCII 509184
clacpxml.dll:_addRef@4 509208,401020
clacpxml.dll:_appendChild@8 50920C,401028
clacpxml.dll:_createAttribute@8 509210,401030
clacpxml.dll:_createCDATASection@8 509214,401038
clacpxml.dll:_CreateDocument2@8 509218,401040
clacpxml.dll:_CreateDOMWriter@0 50921C,401048
clacpxml.dll:_createElement@8 509220,401050
clacpxml.dll:_createProcessingInstruction@12 509224,401058
clacpxml.dll:_createTextNode@8 509228,401060
clacpxml.dll:_DestroyDOMWriter@4 50922C,401068
clacpxml.dll:_getAttributes@4 509230,401070
clacpxml.dll:_getDocumentElement@4 509234,401078
clacpxml.dll:_getFirstChild@4 509238,401080
clacpxml.dll:_getLength3@4 50923C,401088
clacpxml.dll:_getName@4 509240,401090
clacpxml.dll:_getNextSibling@4 509244,401098
clacpxml.dll:_getNodeName@4 509248,4010A0
clacpxml.dll:_getNodeType@4 50924C,4010A8
clacpxml.dll:_getOwnerDocument@4 509250,4010B0
clacpxml.dll:_getValue@4 509254,4010B8
clacpxml.dll:_insertBefore@12 509258,4010C0
clacpxml.dll:_item2@8 50925C,4010C8
clacpxml.dll:_release@4 509260,4010D0
clacpxml.dll:_setAttribute@12 509264,4010D8
clacpxml.dll:_setAttributeNode@8 509268,4010E0
clacpxml.dll:_setEncoding@8 50926C,4010E8
clacpxml.dll:_setFormat@8 509270,4010F0
clacpxml.dll:_setNewLine@8 509274,4010F8
clacpxml.dll:_setValue@8 509278,401100
clacpxml.dll:_writeNode2@12 50927C,401108
ClaDOS.dll:DOS 50928C
ClaRUN.dll:Cla$ACCEPTED 509690,401110
ClaRUN.dll:Cla$ADDqueue 509694
ClaRUN.dll:Cla$ADDqueuekey 509698,401118
ClaRUN.dll:Cla$ADDqueueptr 50969C
ClaRUN.dll:Cla$AddressUfo 5096A0
ClaRUN.dll:Cla$ALIAS 5096A4,401120
ClaRUN.dll:Cla$AssertFailed 5096A8
ClaRUN.dll:Cla$AssertFailedM 5096AC
ClaRUN.dll:Cla$AssignLong2RefUfo 5096B0
ClaRUN.dll:Cla$AssignRefUfo 5096B4
ClaRUN.dll:Cla$BEEP 5096B8,401128
ClaRUN.dll:Cla$BindV 5096BC
ClaRUN.dll:Cla$BSHIFT 5096C0
ClaRUN.dll:Cla$CHANGE 5096C4,401130
ClaRUN.dll:Cla$CHOICE 5096C8,401138
ClaRUN.dll:Cla$CLEAR 5096CC
ClaRUN.dll:Cla$CLEARqueue 5096D0
ClaRUN.dll:Cla$clearstr 5096D4
ClaRUN.dll:Cla$ClearType 5096D8
ClaRUN.dll:Cla$ClearUfo 5096DC
ClaRUN.dll:Cla$CLOCK 5096E0,401140
ClaRUN.dll:Cla$CloneUfo 5096E4
ClaRUN.dll:Cla$CLOSEwindow 5096E8,401148
ClaRUN.dll:Cla$code 5096EC
ClaRUN.dll:Cla$COLORDIALOG 5096F0,401150
ClaRUN.dll:Cla$COMMAND 5096F4,401158
ClaRUN.dll:Cla$comparestr 5096F8
ClaRUN.dll:Cla$CREATE 5096FC
ClaRUN.dll:Cla$DecAdd 509700
ClaRUN.dll:Cla$DecCompareN 509704
ClaRUN.dll:Cla$DecDistinct 509708
ClaRUN.dll:Cla$DecDistinctR 50970C
ClaRUN.dll:Cla$DecDivide 509710
ClaRUN.dll:Cla$DecDivideR 509714
ClaRUN.dll:Cla$DecMul 509718
ClaRUN.dll:Cla$DecSub 50971C
ClaRUN.dll:Cla$DecSubR 509720
ClaRUN.dll:Cla$DELETEqueue 509724,401160
ClaRUN.dll:Cla$DELETEREG 509728,401168
ClaRUN.dll:Cla$DESTROY 50972C,401170
ClaRUN.dll:Cla$DInt 509730
ClaRUN.dll:Cla$DISABLE 509734,401178
ClaRUN.dll:Cla$DISPLAY 509738,401180
ClaRUN.dll:Cla$DISPOSEqueue 50973C
ClaRUN.dll:Cla$DISPOSEref 509740
ClaRUN.dll:Cla$DISPOSEvref 509744
ClaRUN.dll:Cla$Dlongpower 509748
ClaRUN.dll:Cla$DPopDec 50974C
ClaRUN.dll:Cla$DPopLong 509750
ClaRUN.dll:Cla$DPopReal 509754
ClaRUN.dll:Cla$DPopUlong 509758
ClaRUN.dll:Cla$DPushConstant 50975C
ClaRUN.dll:Cla$DPushDec 509760
ClaRUN.dll:Cla$DPushLong 509764
ClaRUN.dll:Cla$DPushULong 509768
ClaRUN.dll:Cla$DStack2Stack 50976C
ClaRUN.dll:Cla$duplicate 509770
ClaRUN.dll:Cla$ENABLE 509774,401188
ClaRUN.dll:Cla$EndEventLoop 509778
ClaRUN.dll:Cla$EndEventLoops 50977C
ClaRUN.dll:Cla$ENDPAGE 509780,401190
ClaRUN.dll:Cla$ERRORCODE 509784,401198
ClaRUN.dll:Cla$ERRORFILE 509788,4011A0
ClaRUN.dll:Cla$Evaluate 50978C,4011A8
ClaRUN.dll:Cla$EVENT 509790,4011B0
ClaRUN.dll:Cla$FIELD 509794,4011B8
ClaRUN.dll:Cla$FILEDIALOG 509798,4011C0
ClaRUN.dll:Cla$FILEERRORCODE 50979C,4011C8
ClaRUN.dll:Cla$FILEERRORMSG 5097A0,4011D0
ClaRUN.dll:Cla$FileExists 5097A4,4011D8
ClaRUN.dll:Cla$FILE_ADDf 5097A8
ClaRUN.dll:Cla$FILE_ADDfu 5097AC
ClaRUN.dll:Cla$FILE_BYTES 5097B0,4011E0
ClaRUN.dll:Cla$FILE_CLOSE 5097B4,4011E8
ClaRUN.dll:Cla$FILE_CREATE 5097B8
ClaRUN.dll:CLA$FILE_DESTROY 5097BC
ClaRUN.dll:Cla$FILE_GETfl 5097C0
ClaRUN.dll:Cla$FILE_GETflu 5097C4
ClaRUN.dll:Cla$FILE_GET_PROPERTY 5097C8
ClaRUN.dll:Cla$FILE_NAME 5097CC,4011F0
ClaRUN.dll:Cla$FILE_NEXT 5097D0,4011F8
ClaRUN.dll:Cla$FILE_OPEN 5097D4,401200
ClaRUN.dll:Cla$FILE_POINTERf 5097D8,401208
ClaRUN.dll:Cla$FILE_POSITIONf 5097DC,401210
ClaRUN.dll:Cla$FILE_POSITIONk 5097E0,401218
ClaRUN.dll:Cla$FILE_REGETf 5097E4,401220
ClaRUN.dll:Cla$FILE_REGETk 5097E8,401228
ClaRUN.dll:Cla$FILE_REMOVE 5097EC,401230
ClaRUN.dll:Cla$FILE_RESETf 5097F0,401238
ClaRUN.dll:Cla$FILE_SETf 5097F4,401240
ClaRUN.dll:Cla$FILE_SETfl 5097F8,401248
ClaRUN.dll:Cla$FILE_SET_PROPERTY 5097FC
ClaRUN.dll:Cla$FIRSTFIELD 509800,401250
ClaRUN.dll:Cla$FOCUS 509804,401258
ClaRUN.dll:Cla$FONTDIALOG 509808,401260
ClaRUN.dll:Cla$FORWARDKEY 50980C,401268
ClaRUN.dll:Cla$FreeBStringTmp 509810
ClaRUN.dll:Cla$FREEqueue 509814
ClaRUN.dll:Cla$FREEqueuea 509818,401270
ClaRUN.dll:Cla$freestr 50981C
ClaRUN.dll:Cla$FreeUfo 509820
ClaRUN.dll:Cla$freewindow 509824
ClaRUN.dll:Cla$GETINI 509828,401278
ClaRUN.dll:Cla$GETPOSITION 50982C,401280
ClaRUN.dll:Cla$GETPOSITIONw 509830,401288
ClaRUN.dll:Cla$GetPropS 509834
ClaRUN.dll:Cla$GETqueuekey 509838,401290
ClaRUN.dll:Cla$GETqueueptr 50983C
ClaRUN.dll:Cla$GETREG 509840,401298
ClaRUN.dll:Cla$HALT 509844,4012A0
ClaRUN.dll:Cla$HELP 509848,4012A8
ClaRUN.dll:Cla$HIDE 50984C,4012B0
ClaRUN.dll:Cla$init 509850
ClaRUN.dll:Cla$INSTANCE 509854,4012B8
ClaRUN.dll:Cla$KEYCHAR 509858,4012C0
ClaRUN.dll:Cla$KEYCODE 50985C,4012C8
ClaRUN.dll:Cla$LASTFIELD 509860,4012D0
ClaRUN.dll:Cla$LFNDIRECTORY 509864,4012D8
ClaRUN.dll:Cla$LONGPATH 509868,4012E0
ClaRUN.dll:Cla$longtostr 50986C
ClaRUN.dll:Cla$MATCH 509870,4012E8
ClaRUN.dll:Cla$Mem2Ufo 509874
ClaRUN.dll:Cla$MessageBox 509878,4012F0
ClaRUN.dll:Cla$MOUSEX 50987C,4012F8
ClaRUN.dll:Cla$MOUSEY 509880,401300
ClaRUN.dll:Cla$NewMemB 509884
ClaRUN.dll:Cla$NewMemT 509888
ClaRUN.dll:Cla$NewMemZ 50988C
ClaRUN.dll:Cla$NEWqueue 509890
ClaRUN.dll:Cla$NOTIFICATION 509894,401308
ClaRUN.dll:Cla$OPENowned 509898,401310
ClaRUN.dll:Cla$OPENwindow 50989C,401318
ClaRUN.dll:Cla$POINTERqueue 5098A0,401320
ClaRUN.dll:Cla$PopAString 5098A4
ClaRUN.dll:Cla$PopBind 5098A8,401328
ClaRUN.dll:Cla$PopCString 5098AC
ClaRUN.dll:Cla$PopReal 5098B0
ClaRUN.dll:Cla$PopString 5098B4
ClaRUN.dll:Cla$PopTemp 5098B8
ClaRUN.dll:Cla$POPUP 5098BC,401330
ClaRUN.dll:Cla$POSITIONqueue 5098C0,401338
ClaRUN.dll:Cla$POST 5098C4,401340
ClaRUN.dll:Cla$PRINTreport 5098C8
ClaRUN.dll:Cla$propen 5098CC,401348
ClaRUN.dll:Cla$PushAString 5098D0
ClaRUN.dll:Cla$PushBind 5098D4,401350
ClaRUN.dll:Cla$PushCString 5098D8
ClaRUN.dll:Cla$PushLong 5098DC
ClaRUN.dll:Cla$PushPictDec 5098E0
ClaRUN.dll:Cla$PushPictLong 5098E4
ClaRUN.dll:Cla$PushReal 5098E8
ClaRUN.dll:Cla$PushString 5098EC
ClaRUN.dll:Cla$PushUfo 5098F0
ClaRUN.dll:Cla$PUTINI 5098F4,401358
ClaRUN.dll:Cla$PUTqueue 5098F8
ClaRUN.dll:Cla$PUTqueuekey 5098FC,401360
ClaRUN.dll:Cla$PUTREG 509900,401368
ClaRUN.dll:Cla$pwopen 509904,401370
ClaRUN.dll:Cla$QUOTE 509908,401378
ClaRUN.dll:Cla$realdistinct 50990C
ClaRUN.dll:Cla$realpower 509910
ClaRUN.dll:Cla$RECORDSqueue 509914,401380
ClaRUN.dll:Cla$RefAssignAny 509918
ClaRUN.dll:Cla$REGISTEREVENT 50991C,401388
ClaRUN.dll:Cla$REGULAR 509920,401390
ClaRUN.dll:Cla$RemoveFile 509924,401398
ClaRUN.dll:Cla$RenameFile 509928,4013A0
ClaRUN.dll:Cla$rterr 50992C,4013A8
ClaRUN.dll:Cla$RUN 509930,4013B0
ClaRUN.dll:Cla$RUNCODE 509934,4013B8
ClaRUN.dll:Cla$SELECT 509938,4013C0
ClaRUN.dll:Cla$SELECTED 50993C,4013C8
ClaRUN.dll:Cla$SETCURSOR 509940,4013D0
ClaRUN.dll:Cla$SETFONT 509944,4013D8
ClaRUN.dll:Cla$SETKEYCODE 509948,4013E0
ClaRUN.dll:Cla$SETLAYOUT 50994C,4013E8
ClaRUN.dll:Cla$SETPATH 509950,4013F0
ClaRUN.dll:Cla$SETPOSITION 509954,4013F8
ClaRUN.dll:Cla$SETPOSITIONw 509958,401400
ClaRUN.dll:Cla$SetPropF 50995C
ClaRUN.dll:Cla$SetPropQ 509960
ClaRUN.dll:Cla$SetPropS 509964
ClaRUN.dll:Cla$SetPropV 509968
ClaRUN.dll:Cla$SETTARGET 50996C,401408
ClaRUN.dll:Cla$SHORTPATH 509970,401410
ClaRUN.dll:Cla$SORTqueuekey 509974,401418
ClaRUN.dll:Cla$SQRT 509978,401420
ClaRUN.dll:Cla$Stack2DStack 50997C
ClaRUN.dll:Cla$Stack2Ufo 509980
ClaRUN.dll:Cla$StackALL 509984,401428
ClaRUN.dll:Cla$StackCLIP 509988,401430
ClaRUN.dll:Cla$StackCompare 50998C
ClaRUN.dll:Cla$StackCompareN 509990
ClaRUN.dll:Cla$StackCompareNEQ 509994
ClaRUN.dll:Cla$StackCompareR 509998
ClaRUN.dll:Cla$StackConcat 50999C
ClaRUN.dll:Cla$StackConcatR 5099A0
ClaRUN.dll:Cla$StackDEFORMAT2 5099A4
ClaRUN.dll:Cla$StackErrstr 5099A8,401438
ClaRUN.dll:Cla$StackFORMAT2 5099AC
ClaRUN.dll:Cla$StackHeap 5099B0
ClaRUN.dll:Cla$StackINLIST 5099B4
ClaRUN.dll:Cla$StackINSTRING 5099B8,401440
ClaRUN.dll:Cla$StackLEFT 5099BC,401448
ClaRUN.dll:Cla$StackLen 5099C0,401450
ClaRUN.dll:Cla$StackLOWER 5099C4,401458
ClaRUN.dll:Cla$StackNUMERIC 5099C8,401460
ClaRUN.dll:Cla$STACKpop 5099CC
ClaRUN.dll:Cla$StackRotate 5099D0
ClaRUN.dll:Cla$StackSUB 5099D4,401468
ClaRUN.dll:Cla$StackUPPER 5099D8,401470
ClaRUN.dll:Cla$START 5099DC,401478
ClaRUN.dll:Cla$StartEventLoop 5099E0
ClaRUN.dll:Cla$STOP 5099E4,401480
ClaRUN.dll:Cla$storecstr 5099E8
ClaRUN.dll:Cla$storepstr 5099EC
ClaRUN.dll:Cla$storestr 5099F0
ClaRUN.dll:Cla$String2Ref 5099F4
ClaRUN.dll:Cla$THREAD 5099F8,401488
ClaRUN.dll:Cla$THREAD_FILE 5099FC
ClaRUN.dll:Cla$TODAY 509A00,401490
ClaRUN.dll:Cla$Ufo2Real 509A04
ClaRUN.dll:Cla$UfoCompareN 509A08
ClaRUN.dll:Cla$Ufodistinct 509A0C
ClaRUN.dll:Cla$UnbindV 509A10,401498
ClaRUN.dll:Cla$UNHIDE 509A14,4014A0
ClaRUN.dll:Cla$UNQUOTE 509A18,4014A8
ClaRUN.dll:Cla$UNREGISTEREVENT 509A1C,4014B0
ClaRUN.dll:Cla$UPDATE 509A20,4014B8
ClaRUN.dll:Cla$WHAT 509A24,4014C0
ClaRUN.dll:Cla$WHATqueue 509A28,4014C8
ClaRUN.dll:Cla$WHOqueue 509A2C,4014D0
ClaRUN.dll:Cla$YIELD 509A30,4014D8
ClaRUN.dll:NewCriticalSection 509A34,4014E0
ClaRUN.dll:THR$GetInstance 509A38,4014E8
ClaRUN.dll:_access 509A3C,4014F0
ClaRUN.dll:_exit 509A40,4014F8
ClaRUN.dll:_fnsplit 509A44,401500
ClaRUN.dll:_free 509A48
ClaRUN.dll:_ltoa 509A4C,401508
ClaRUN.dll:_malloc 509A50
ClaRUN.dll:_memcpy 509A54,401510
ClaRUN.dll:_memset 509A58,401518
ClaRUN.dll:_nullstrlen 509A5C
ClaRUN.dll:_remove 509A60,401520
ClaRUN.dll:_strcpy 509A64,401528
ClaRUN.dll:_strncpy 509A68,401530
ClaRUN.dll:_strtoul 509A6C,401538
ClaRUN.dll:_ultoa 509A70,401540
ClaRUN.dll:__a_chkstk 509A74,401548
ClaRUN.dll:__e_index 509A78,401550
ClaRUN.dll:__e_stack 509A7C,401558
ClaRUN.dll:__sysinit 509A80,401560
ClaRUN.dll:__sysstart 509A84,401568
claxmlty.dll:CONSTRUCT@F12XMLQUEUEINFO 509AA8
claxmlty.dll:DESTRUCT@F13XMLOBJECTINFO 509AAC
claxmlty.dll:INIT@F12XMLQUEUEINFOBq 509AB0
claxmlty.dll:STARTFIELDSITERATE@F13XMLOBJECTINFO 509AB4
claxmlty.dll:TYPE$XMLQUEUEINFO 509AB8
claxmlty.dll:VMT$XMLQUEUEINFO 509ABC
COMCTL32.dll:InitCommonControlsEx 509ACC,401570
comdlg32.dll:PrintDlgA 509ADC,401578
cwhhla.dll:Init@F11tagHTMLHelpsbl 509B10
cwhhla.dll:KeyWordLookUp@F11TAGHTMLHELPsb 509B14
cwhhla.dll:Kill@F11tagHTMLHelp 509B18
cwhhla.dll:SetHelpFile@F11TAGHTMLHELPsb 509B1C
cwhhla.dll:SetTopic@F11TAGHTMLHELPsb 509B20
cwhhla.dll:ShowSearch@F11TAGHTMLHELP 509B24
cwhhla.dll:ShowTOC@F11TAGHTMLHELP 509B28
cwhhla.dll:ShowTopic@F11TAGHTMLHELPOsb 509B2C
cwhhla.dll:TYPE$tagHTMLHelp 509B30
cwhhla.dll:VMT$tagHTMLHelp 509B34
GDI32.dll:CreateBrushIndirect 509BA0,401580
GDI32.dll:CreateDCA 509BA4,401588
GDI32.dll:CreateFontA 509BA8,401590
GDI32.dll:CreatePen 509BAC,401598
GDI32.dll:CreateRectRgn 509BB0,4015A0
GDI32.dll:CreateSolidBrush 509BB4,4015A8
GDI32.dll:DeleteDC 509BB8,4015B0
GDI32.dll:DeleteObject 509BBC,4015B8
GDI32.dll:DPtoLP 509BC0,4015C0
GDI32.dll:EndDoc 509BC4,4015C8
GDI32.dll:EndPage 509BC8,4015D0
GDI32.dll:ExtFloodFill 509BCC,4015D8
GDI32.dll:ExtTextOutA 509BD0,4015E0
GDI32.dll:GetDeviceCaps 509BD4,4015E8
GDI32.dll:GetPixel 509BD8,4015F0
GDI32.dll:GetTextMetricsA 509BDC,4015F8
GDI32.dll:LineTo 509BE0,401600
GDI32.dll:MoveToEx 509BE4,401608
GDI32.dll:SelectObject 509BE8,401610
GDI32.dll:SetBkColor 509BEC,401618
GDI32.dll:SetTextAlign 509BF0,401620
GDI32.dll:SetTextColor 509BF4,401628
GDI32.dll:StartDocA 509BF8,401630
GDI32.dll:StartPage 509BFC,401638
IQXML:XML:ADDFROMQUEUE@FBqsbOUcOUcOUcOUc 509C50
IQXML:XML:ADDPARENT@FOUcOsb 509C54
IQXML:XML:CLOSEPARENT@FOsb 509C58
IQXML:XML:CLOSEXMLFILE@FOUc 509C5C
IQXML:XML:CREATEATTRIBUTE@Fsbsb 509C60
IQXML:XML:CREATEPARENT@Fsb 509C64
IQXML:XML:CREATEXMLFILE@FsbOsbOsbOUcOsbOUcOUc 509C68
IQXML:XML:FINDNEXTCONTENT@FsbUcUc 509C6C
IQXML:XML:FINDNEXTNODE@FsbOsbOsbOsbOsbOUc 509C70
IQXML:XML:FREE@F 509C74
IQXML:XML:GETPOINTER@F 509C78
IQXML:XML:GOTOTOP@F 509C7C
IQXML:XML:LOADFROMFILE@FsbOUcOUcOlOUc 509C80
IQXML:XML:LOADQUEUE@FBqOUcOUcOUcOlOUc 509C84
IQXML:XML:READCURRENTRECORD@FBqRsc 509C88
IQXML:XML:READNEXTRECORD@FBqRsc 509C8C
IQXML:XML:SETPOINTER@Fl 509C90
IQXML:XML:SETPROGRESSWINDOW@FlOsb 509C94
KERNEL32.dll:CloseHandle 509D04,401640
KERNEL32.dll:CreateEventA 509D08,401648
KERNEL32.dll:CreateFileA 509D0C,401650
KERNEL32.dll:CreateFileMappingA 509D10,401658
KERNEL32.dll:FreeLibrary 509D14,401660
KERNEL32.dll:GetCurrentProcess 509D18,401668
KERNEL32.dll:GetFileSize 509D1C,401670
KERNEL32.dll:GetFullPathNameA 509D20,401678
KERNEL32.dll:GetLastError 509D24,401680
KERNEL32.dll:GetLocaleInfoA 509D28,401688
KERNEL32.dll:GetProcAddress 509D2C,401690
KERNEL32.dll:GetTempPathA 509D30,401698
KERNEL32.dll:GlobalAlloc 509D34,4016A0
KERNEL32.dll:GlobalFree 509D38,4016A8
KERNEL32.dll:GlobalLock 509D3C,4016B0
KERNEL32.dll:GlobalUnlock 509D40,4016B8
KERNEL32.dll:LoadLibraryA 509D44,4016C0
KERNEL32.dll:MapViewOfFile 509D48,4016C8
KERNEL32.dll:MulDiv 509D4C,4016D0
KERNEL32.dll:RtlMoveMemory 509D50,4016D8
KERNEL32.dll:SetPriorityClass 509D54,4016E0
KERNEL32.dll:Sleep 509D58,4016E8
KERNEL32.dll:SleepEx 509D5C,4016F0
KERNEL32.dll:UnmapViewOfFile 509D60,4016F8
KERNEL32.dll:WideCharToMultiByte 509D64,401700
SHELL32.dll:FindExecutableA 509D80,401708
SHELL32.dll:SHCreateDirectoryExA 509D84,401710
SHELL32.dll:ShellExecuteA 509D88,401718
SHELL32.dll:SHGetFolderPathA 509D8C,401720
SHLWAPI.dll:PathCompactPathExA 509D9C,401728
USER32.dll:CallWindowProcA 509E20,401730
USER32.dll:CreateWindowExA 509E24,401738
USER32.dll:DefWindowProcA 509E28,401740
USER32.dll:DestroyWindow 509E2C,401748
USER32.dll:EnumWindows 509E30,401750
USER32.dll:FrameRect 509E34,401758
USER32.dll:GetClassNameA 509E38,401760
USER32.dll:GetDC 509E3C,401768
USER32.dll:GetDlgItem 509E40,401770
USER32.dll:GetMenu 509E44,401778
USER32.dll:GetMenuInfo 509E48,401780
USER32.dll:GetPropA 509E4C,401788
USER32.dll:GetSystemMetrics 509E50,401790
USER32.dll:GetUpdateRgn 509E54,401798
USER32.dll:GetWindowDC 509E58,4017A0
USER32.dll:GetWindowLongA 509E5C,4017A8
USER32.dll:GetWindowRect 509E60,4017B0
USER32.dll:GetWindowTextA 509E64,4017B8
USER32.dll:InvalidateRect 509E68,4017C0
USER32.dll:IsZoomed 509E6C,4017C8
USER32.dll:OffsetRect 509E70,4017D0
USER32.dll:ReleaseDC 509E74,4017D8
USER32.dll:ScreenToClient 509E78,4017E0
USER32.dll:SendMessageA 509E7C,4017E8
USER32.dll:SetForegroundWindow 509E80,4017F0
USER32.dll:SetMenuInfo 509E84,4017F8
USER32.dll:SetPropA 509E88,401800
USER32.dll:SetWindowLongA 509E8C,401808
USER32.dll:SetWindowPos 509E90,401810
USER32.dll:ShowWindow 509E94,401818
WINSPOOL.DRV:ClosePrinter 509EAC,401820
WINSPOOL.DRV:GetPrinterA 509EB0,401828
WINSPOOL.DRV:OpenPrinterA 509EB4,401830



Entry Point:   4B02E4